unsat
(
(assume a0 (= count (lambda ((s Int)) (ite (= s 0) 8 (ite (= s 1) 3 (ite (= s 2) 8 (ite (= s 3) 9 5)))))))
(assume a1 (= valid (lambda ((s Int) (i Int)) (and (<= 0 s) (< s 6) (<= 1 i) (<= i (count s))))))
(assume a2 (= between (lambda ((s Int) (t Int)) (or (and (= s 0) (= t 1)) (and (= s 1) (= t 2)) (and (= s 2) (or (= t 3) (= t 4))) (and (= s 4) (= t 5))))))
(assume a3 (= within (lambda ((s Int) (i Int) (j Int)) (or (and (= s 0) (<= 1 i) (< i 8) (= j (+ i 1))) (and (= s 1) (or (and (= i 1) (= j 2)) (and (= i 2) (= j 3)))) (and (= s 2) (or (and (= i 1) (= j 6)) (and (= i 6) (= j 7)) (and (= i 2) (= j 3)) (and (= i 3) (= j 8)) (and (= i 6) (= j 8)))) (and (= s 3) (or (and (<= 1 i) (<= i 6) (= j 7)) (and (= i 7) (or (= j 8) (= j 9))))) (and (= s 4) (or (and (= i 1) (or (= j 3) (= j 5))) (and (= i 3) (= j 5)))) (and (= s 5) (or (and (= i 1) (or (= j 2) (= j 4) (= j 5))) (and (= i 2) (= j 3))))))))
(assume a4 (= edge (lambda ((s Int) (i Int) (t Int) (j Int)) (and (valid s i) (valid t j) (or (and (= s t) (within s i j)) (between s t))))))
(assume a5 (= layer (lambda ((s Int)) (ite (< s 4) s (ite (= s 4) 3 4)))))
(assume a6 (= inner (lambda ((s Int) (i Int)) (ite (= s 0) (- i 1) (ite (= s 1) (- i 1) (ite (= s 2) (ite (or (= i 3) (= i 6)) 1 (ite (or (= i 7) (= i 8)) 2 0)) (ite (= s 3) (ite (< i 7) 0 (ite (= i 7) 1 2)) (ite (= s 4) (ite (= i 3) 1 (ite (= i 5) 2 0)) (ite (= i 1) 0 (ite (= i 3) 2 1))))))))))
(assume a7 (= scalar (lambda ((s Int) (i Int)) (+ (* 8 (layer s)) (inner s i)))))
(assume a8 (= lex (lambda ((s Int) (i Int) (t Int) (j Int)) (or (< (layer s) (layer t)) (and (= (layer s) (layer t)) (< (inner s i) (inner t j)))))))
(assume a9 (! (= allowed (lambda ((s Int) (t Int)) (or (= s 0) (and (= s 1) (not (= t 0))) (and (= s 2) (<= 2 t) (<= t 5)) (and (= s 3) (= t 3)) (and (= s 4) (or (= t 4) (= t 5))) (and (= s 5) (= t 5))))) :named @p_1))
(assume a10 (! (not (! (=> (! (and (! (= s 3) :named @p_10) (! (or (! (= t 4) :named @p_8) (! (= t 5) :named @p_7)) :named @p_9)) :named @p_11) (! (and (! (not (! (allowed s t) :named @p_4)) :named @p_5) (! (not (! (allowed t s) :named @p_2)) :named @p_3)) :named @p_6)) :named @p_12)) :named @p_13))
(step t0 (cl (! (not (! (and (! (not (! (>= t 6) :named @p_15)) :named @p_16) (! (>= t 5) :named @p_14)) :named @p_17)) :named @p_278) @p_14) :rule and_pos :args (1))
(step t1 (cl @p_14 @p_278) :rule reordering :premises (t0))
(step t2 (cl (not (! (= @p_13 (! (not (! (=> (! (or (! (and (! (not @p_14) :named @p_18) (! (>= t 4) :named @p_19)) :named @p_67) @p_17) :named @p_68) (! (and (! (not (! (and (! (not @p_19) :named @p_20) (! (>= t 3) :named @p_28)) :named @p_31)) :named @p_33) (! (not (! (or (! (and (! (not (! (>= t 1) :named @p_22)) :named @p_23) (! (>= t 0) :named @p_21)) :named @p_24) (! (and (! (not (! (>= t 2) :named @p_25)) :named @p_26) @p_22) :named @p_27) (! (and (! (not @p_28) :named @p_29) @p_25) :named @p_30) @p_31) :named @p_32)) :named @p_61)) :named @p_66)) :named @p_69)) :named @p_70)) :named @p_71)) (! (not @p_13) :named @p_220) @p_70) :rule equiv_pos2)
(anchor :step t3 :args ((s Int) (t Int) (:= (s Int) s) (:= (t Int) t)))
(step t3.t0 (cl (= (! (<= 2 t) :named @p_216) (! (>= t 2) :named @p_210))) :rule rare_rewrite :args ("arith-elim-leq" 2 t))
(step t3.t1 (cl (= (! (<= t 5) :named @p_215) (! (not (! (>= t (! (+ 5 1) :named @p_103)) :named @p_218)) :named @p_219))) :rule rare_rewrite :args ("arith-leq-norm" t 5))
(step t3.t2 (cl (= @p_103 6)) :rule evaluate)
(step t3.t3 (cl (= @p_218 (! (>= t 6) :named @p_208))) :rule cong :premises (t3.t2))
(step t3.t4 (cl (= @p_219 (! (not @p_208) :named @p_209))) :rule cong :premises (t3.t3))
(step t3.t5 (cl (= @p_215 @p_209)) :rule trans :premises (t3.t1 t3.t4))
(step t3.t6 (cl (= (! (and (! (= s 2) :named @p_211) @p_216 @p_215) :named @p_217) (! (and @p_211 @p_210 @p_209) :named @p_212))) :rule cong :premises (t3.t0 t3.t5))
(step t3.t7 (cl (= (! (and (= s 3) (= t 3)) :named @p_207) @p_207)) :rule refl)
(step t3.t8 (cl (= (! (and (= s 4) (or (= t 4) (! (= t 5) :named @p_204))) :named @p_206) @p_206)) :rule refl)
(step t3.t9 (cl (= (! (and (= s 5) @p_204) :named @p_205) @p_205)) :rule refl)
(step t3.t10 (cl (= (or (! (= s 0) :named @p_214) (! (and (= s 1) (not (= t 0))) :named @p_213) @p_217 @p_207 @p_206 @p_205) (or @p_214 @p_213 @p_212 @p_207 @p_206 @p_205))) :rule cong :premises (t3.t6 t3.t7 t3.t8 t3.t9))
(step t3 (cl (= (lambda ((s Int) (t Int)) (or (= s 0) (and (= s 1) (not (= t 0))) (and (= s 2) (<= 2 t) (<= t 5)) (and (= s 3) (= t 3)) (and (= s 4) (or (= t 4) (= t 5))) (and (= s 5) (= t 5)))) (lambda ((s Int) (t Int)) (or (= s 0) (and (= s 1) (not (= t 0))) (and (= s 2) (>= t 2) (not (>= t 6))) (and (= s 3) (= t 3)) (and (= s 4) (or (= t 4) (= t 5))) (and (= s 5) (= t 5)))))) :rule bind)
(step t4 (cl (= allowed (lambda ((s Int) (t Int)) (or (= s 0) (and (= s 1) (not (= t 0))) (and (= s 2) (>= t 2) (not (>= t 6))) (and (= s 3) (= t 3)) (and (= s 4) (or (= t 4) (= t 5))) (and (= s 5) (= t 5)))))) :rule trans :premises (a9 t3))
(step t5 (cl (= s s)) :rule refl)
(step t6 (cl (= t t)) :rule refl)
(step t7 (cl (= @p_4 (! ((lambda ((s Int) (t Int)) (or (= s 0) (and (= s 1) (not (= t 0))) (and (= s 2) (>= t 2) (not (>= t 6))) (and (= s 3) (= t 3)) (and (= s 4) (or (= t 4) (= t 5))) (and (= s 5) (= t 5)))) s t) :named @p_199))) :rule ho_cong :premises (t4 t5 t6))
(step t8 (cl (= @p_5 (! (not @p_199) :named @p_200))) :rule cong :premises (t7))
(step t9 (cl (= @p_2 (! ((lambda ((s Int) (t Int)) (or (= s 0) (and (= s 1) (not (= t 0))) (and (= s 2) (>= t 2) (not (>= t 6))) (and (= s 3) (= t 3)) (and (= s 4) (or (= t 4) (= t 5))) (and (= s 5) (= t 5)))) t s) :named @p_197))) :rule ho_cong :premises (t4 t6 t5))
(step t10 (cl (= @p_3 (! (not @p_197) :named @p_198))) :rule cong :premises (t9))
(step t11 (cl (= @p_6 (! (and @p_200 @p_198) :named @p_201))) :rule cong :premises (t8 t10))
(step t12 (cl (= @p_12 (! (=> @p_11 @p_201) :named @p_202))) :rule cong :premises (t11))
(step t13 (cl (= @p_13 (! (not @p_202) :named @p_203))) :rule cong :premises (t12))
(step t14 (cl (= @p_199 (! (or (! (= s 0) :named @p_135) (! (and (! (= s 1) :named @p_146) (! (not (! (= t 0) :named @p_112)) :named @p_145)) :named @p_147) (! (and (! (= s 2) :named @p_143) @p_25 @p_16) :named @p_144) (! (and @p_10 (! (= t 3) :named @p_109)) :named @p_142) (! (and (! (= s 4) :named @p_127) @p_9) :named @p_141) (! (and (! (= s 5) :named @p_125) @p_7) :named @p_140)) :named @p_148))) :rule beta_equiv)
(step t15 (cl (= @p_200 (! (not @p_148) :named @p_149))) :rule cong :premises (t14))
(step t16 (cl (= @p_197 (! (or @p_112 (! (and (! (= t 1) :named @p_111) (! (not @p_135) :named @p_136)) :named @p_137) (! (and (! (= t 2) :named @p_110) (! (>= s 2) :named @p_133) (! (not (! (>= s 6) :named @p_131)) :named @p_132)) :named @p_134) (! (and @p_109 @p_10) :named @p_130) (! (and @p_8 (! (or @p_127 @p_125) :named @p_128)) :named @p_129) (! (and @p_7 @p_125) :named @p_126)) :named @p_138))) :rule beta_equiv)
(step t17 (cl (= @p_198 (! (not @p_138) :named @p_139))) :rule cong :premises (t16))
(step t18 (cl (= @p_201 (! (and @p_149 @p_139) :named @p_150))) :rule cong :premises (t15 t17))
(step t19 (cl (= @p_202 (! (=> @p_11 @p_150) :named @p_151))) :rule cong :premises (t18))
(step t20 (cl (= @p_203 (! (not @p_151) :named @p_152))) :rule cong :premises (t19))
(step t21 (cl (! (= @p_13 @p_152) :named @p_196)) :rule trans :premises (t13 t20))
(step t22 (cl (not @p_196) @p_220 @p_152) :rule equiv_pos2)
(step t23 (cl @p_152) :rule resolution :premises (t22 t21 a10) :args (@p_196 false @p_13 false))
(step t24 (cl @p_11) :rule not_implies1 :premises (t23))
(step t25 (cl @p_10) :rule and :premises (t24) :args (0))
(step t26 (cl (! (= 3 3) :named @p_158)) :rule refl)
(step t27 (cl (= @p_10 @p_158)) :rule cong :premises (t25 t26))
(step t28 (cl (= @p_9 @p_9)) :rule refl)
(step t29 (cl (= @p_11 (! (and @p_158 @p_9) :named @p_179))) :rule cong :premises (t27 t28))
(step t30 (cl (= 0 0)) :rule refl)
(step t31 (cl (= @p_135 (! (= 3 0) :named @p_164))) :rule cong :premises (t25 t30))
(step t32 (cl (= 1 1)) :rule refl)
(step t33 (cl (= @p_146 (! (= 3 1) :named @p_174))) :rule cong :premises (t25 t32))
(step t34 (cl (= @p_145 @p_145)) :rule refl)
(step t35 (cl (= @p_147 (! (and @p_174 @p_145) :named @p_175))) :rule cong :premises (t33 t34))
(step t36 (cl (= 2 2)) :rule refl)
(step t37 (cl (= @p_143 (! (= 3 2) :named @p_172))) :rule cong :premises (t25 t36))
(step t38 (cl (= @p_25 @p_25)) :rule refl)
(step t39 (cl (= @p_16 @p_16)) :rule refl)
(step t40 (cl (= @p_144 (! (and @p_172 @p_25 @p_16) :named @p_173))) :rule cong :premises (t37 t38 t39))
(step t41 (cl (= @p_109 @p_109)) :rule refl)
(step t42 (cl (= @p_142 (! (and @p_158 @p_109) :named @p_171))) :rule cong :premises (t27 t41))
(step t43 (cl (= 4 4)) :rule refl)
(step t44 (cl (= @p_127 (! (= 3 4) :named @p_155))) :rule cong :premises (t25 t43))
(step t45 (cl (= @p_141 (! (and @p_155 @p_9) :named @p_170))) :rule cong :premises (t44 t28))
(step t46 (cl (= 5 5)) :rule refl)
(step t47 (cl (= @p_125 (! (= 3 5) :named @p_153))) :rule cong :premises (t25 t46))
(step t48 (cl (= @p_7 @p_7)) :rule refl)
(step t49 (cl (= @p_140 (! (and @p_153 @p_7) :named @p_169))) :rule cong :premises (t47 t48))
(step t50 (cl (= @p_148 (! (or @p_164 @p_175 @p_173 @p_171 @p_170 @p_169) :named @p_176))) :rule cong :premises (t31 t35 t40 t42 t45 t49))
(step t51 (cl (= @p_149 (! (not @p_176) :named @p_177))) :rule cong :premises (t50))
(step t52 (cl (= @p_136 (! (not @p_164) :named @p_165))) :rule cong :premises (t31))
(step t53 (cl (= @p_137 (! (and @p_111 @p_165) :named @p_166))) :rule cong :premises (t52))
(step t54 (cl (= @p_133 (! (>= 3 2) :named @p_162))) :rule cong :premises (t25 t36))
(step t55 (cl (= 6 6)) :rule refl)
(step t56 (cl (= @p_131 (! (>= 3 6) :named @p_160))) :rule cong :premises (t25 t55))
(step t57 (cl (= @p_132 (! (not @p_160) :named @p_161))) :rule cong :premises (t56))
(step t58 (cl (= @p_134 (! (and @p_110 @p_162 @p_161) :named @p_163))) :rule cong :premises (t54 t57))
(step t59 (cl (= @p_130 (! (and @p_109 @p_158) :named @p_159))) :rule cong :premises (t27))
(step t60 (cl (= @p_128 (! (or @p_155 @p_153) :named @p_156))) :rule cong :premises (t44 t47))
(step t61 (cl (= @p_129 (! (and @p_8 @p_156) :named @p_157))) :rule cong :premises (t60))
(step t62 (cl (= @p_126 (! (and @p_7 @p_153) :named @p_154))) :rule cong :premises (t47))
(step t63 (cl (= @p_138 (! (or @p_112 @p_166 @p_163 @p_159 @p_157 @p_154) :named @p_167))) :rule cong :premises (t53 t58 t59 t61 t62))
(step t64 (cl (= @p_139 (! (not @p_167) :named @p_168))) :rule cong :premises (t63))
(step t65 (cl (= @p_150 (! (and @p_177 @p_168) :named @p_178))) :rule cong :premises (t51 t64))
(step t66 (cl (= @p_151 (! (=> @p_179 @p_178) :named @p_180))) :rule cong :premises (t29 t65))
(step t67 (cl (= @p_152 (! (not @p_180) :named @p_181))) :rule cong :premises (t66))
(step t68 (cl (= @p_158 true)) :rule evaluate)
(step t69 (cl (= @p_179 (! (and true @p_9) :named @p_195))) :rule cong :premises (t68 t28))
(step t70 (cl (= @p_195 @p_9)) :rule aci_simp)
(step t71 (cl (= @p_179 @p_9)) :rule trans :premises (t69 t70))
(step t72 (cl (= @p_164 false)) :rule evaluate)
(step t73 (cl (= @p_174 false)) :rule evaluate)
(step t74 (cl (= @p_175 (! (and false @p_145) :named @p_194))) :rule cong :premises (t73 t34))
(step t75 (cl (= @p_194 false)) :rule and_simplify)
(step t76 (cl (= @p_175 false)) :rule trans :premises (t74 t75))
(step t77 (cl (= @p_172 false)) :rule evaluate)
(step t78 (cl (= @p_173 (! (and false @p_25 @p_16) :named @p_193))) :rule cong :premises (t77 t38 t39))
(step t79 (cl (= @p_193 false)) :rule and_simplify)
(step t80 (cl (= @p_173 false)) :rule trans :premises (t78 t79))
(step t81 (cl (= @p_171 (! (and true @p_109) :named @p_192))) :rule cong :premises (t68 t41))
(step t82 (cl (= @p_192 @p_109)) :rule aci_simp)
(step t83 (cl (= @p_171 @p_109)) :rule trans :premises (t81 t82))
(step t84 (cl (= @p_155 false)) :rule evaluate)
(step t85 (cl (= @p_170 (! (and false @p_9) :named @p_191))) :rule cong :premises (t84 t28))
(step t86 (cl (= @p_191 false)) :rule and_simplify)
(step t87 (cl (= @p_170 false)) :rule trans :premises (t85 t86))
(step t88 (cl (= @p_153 false)) :rule evaluate)
(step t89 (cl (= @p_169 (! (and false @p_7) :named @p_190))) :rule cong :premises (t88 t48))
(step t90 (cl (= @p_190 false)) :rule and_simplify)
(step t91 (cl (= @p_169 false)) :rule trans :premises (t89 t90))
(step t92 (cl (= @p_176 (! (or false false false @p_109 false false) :named @p_189))) :rule cong :premises (t72 t76 t80 t83 t87 t91))
(step t93 (cl (= @p_189 @p_109)) :rule aci_simp)
(step t94 (cl (= @p_176 @p_109)) :rule trans :premises (t92 t93))
(step t95 (cl (= @p_177 (! (not @p_109) :named @p_115))) :rule cong :premises (t94))
(step t96 (cl (= @p_165 (! (not false) :named @p_42))) :rule cong :premises (t72))
(step t97 (cl (= @p_42 true)) :rule evaluate)
(step t98 (cl (= @p_165 true)) :rule trans :premises (t96 t97))
(step t99 (cl (= @p_166 (! (and @p_111 true) :named @p_188))) :rule cong :premises (t98))
(step t100 (cl (= @p_188 @p_111)) :rule aci_simp)
(step t101 (cl (= @p_166 @p_111)) :rule trans :premises (t99 t100))
(step t102 (cl (= @p_162 true)) :rule evaluate)
(step t103 (cl (= @p_160 false)) :rule evaluate)
(step t104 (cl (= @p_161 @p_42)) :rule cong :premises (t103))
(step t105 (cl (= @p_161 true)) :rule trans :premises (t104 t97))
(step t106 (cl (= @p_163 (! (and @p_110 true true) :named @p_187))) :rule cong :premises (t102 t105))
(step t107 (cl (= @p_187 @p_110)) :rule aci_simp)
(step t108 (cl (= @p_163 @p_110)) :rule trans :premises (t106 t107))
(step t109 (cl (= @p_159 (! (and @p_109 true) :named @p_186))) :rule cong :premises (t68))
(step t110 (cl (= @p_186 @p_109)) :rule aci_simp)
(step t111 (cl (= @p_159 @p_109)) :rule trans :premises (t109 t110))
(step t112 (cl (= @p_156 (! (or false false) :named @p_185))) :rule cong :premises (t84 t88))
(step t113 (cl (= @p_185 false)) :rule evaluate)
(step t114 (cl (= @p_156 false)) :rule trans :premises (t112 t113))
(step t115 (cl (= @p_157 (! (and @p_8 false) :named @p_184))) :rule cong :premises (t114))
(step t116 (cl (= @p_184 false)) :rule and_simplify)
(step t117 (cl (= @p_157 false)) :rule trans :premises (t115 t116))
(step t118 (cl (= @p_154 (! (and @p_7 false) :named @p_183))) :rule cong :premises (t88))
(step t119 (cl (= @p_183 false)) :rule and_simplify)
(step t120 (cl (= @p_154 false)) :rule trans :premises (t118 t119))
(step t121 (cl (= @p_167 (! (or @p_112 @p_111 @p_110 @p_109 false false) :named @p_182))) :rule cong :premises (t101 t108 t111 t117 t120))
(step t122 (cl (= @p_182 (! (or @p_112 @p_111 @p_110 @p_109) :named @p_113))) :rule aci_simp)
(step t123 (cl (= @p_167 @p_113)) :rule trans :premises (t121 t122))
(step t124 (cl (= @p_168 (! (not @p_113) :named @p_114))) :rule cong :premises (t123))
(step t125 (cl (= @p_178 (! (and @p_115 @p_114) :named @p_116))) :rule cong :premises (t95 t124))
(step t126 (cl (= @p_180 (! (=> @p_9 @p_116) :named @p_117))) :rule cong :premises (t71 t125))
(step t127 (cl (= @p_181 (! (not @p_117) :named @p_118))) :rule cong :premises (t126))
(step t128 (cl (= @p_152 @p_118)) :rule trans :premises (t67 t127))
(step t129 (cl (= @p_8 (! (and @p_19 (! (<= t 4) :named @p_86)) :named @p_124))) :rule rare_rewrite :args ("arith-eq-elim-int" t 4))
(step t130 (cl (= @p_124 (! (and @p_86 @p_19) :named @p_87))) :rule aci_simp)
(step t131 (cl (= @p_8 @p_87)) :rule trans :premises (t129 t130))
(step t132 (cl (= @p_7 (! (and @p_14 (! (<= t 5) :named @p_84)) :named @p_123))) :rule rare_rewrite :args ("arith-eq-elim-int" t 5))
(step t133 (cl (= @p_123 (! (and @p_84 @p_14) :named @p_85))) :rule aci_simp)
(step t134 (cl (= @p_7 @p_85)) :rule trans :premises (t132 t133))
(step t135 (cl (= @p_9 (! (or @p_87 @p_85) :named @p_88))) :rule cong :premises (t131 t134))
(step t136 (cl (= @p_109 (! (and @p_28 (! (<= t 3) :named @p_72)) :named @p_119))) :rule rare_rewrite :args ("arith-eq-elim-int" t 3))
(step t137 (cl (= @p_119 (! (and @p_72 @p_28) :named @p_73))) :rule aci_simp)
(step t138 (cl (= @p_109 @p_73)) :rule trans :premises (t136 t137))
(step t139 (cl (= @p_115 (! (not @p_73) :named @p_82))) :rule cong :premises (t138))
(step t140 (cl (= @p_112 (! (and @p_21 (! (<= t 0) :named @p_78)) :named @p_122))) :rule rare_rewrite :args ("arith-eq-elim-int" t 0))
(step t141 (cl (= @p_122 (! (and @p_78 @p_21) :named @p_79))) :rule aci_simp)
(step t142 (cl (= @p_112 @p_79)) :rule trans :premises (t140 t141))
(step t143 (cl (= @p_111 (! (and @p_22 (! (<= t 1) :named @p_76)) :named @p_121))) :rule rare_rewrite :args ("arith-eq-elim-int" t 1))
(step t144 (cl (= @p_121 (! (and @p_76 @p_22) :named @p_77))) :rule aci_simp)
(step t145 (cl (= @p_111 @p_77)) :rule trans :premises (t143 t144))
(step t146 (cl (= @p_110 (! (and @p_25 (! (<= t 2) :named @p_74)) :named @p_120))) :rule rare_rewrite :args ("arith-eq-elim-int" t 2))
(step t147 (cl (= @p_120 (! (and @p_74 @p_25) :named @p_75))) :rule aci_simp)
(step t148 (cl (= @p_110 @p_75)) :rule trans :premises (t146 t147))
(step t149 (cl (= @p_113 (! (or @p_79 @p_77 @p_75 @p_73) :named @p_80))) :rule cong :premises (t142 t145 t148 t138))
(step t150 (cl (= @p_114 (! (not @p_80) :named @p_81))) :rule cong :premises (t149))
(step t151 (cl (= @p_116 (! (and @p_82 @p_81) :named @p_83))) :rule cong :premises (t139 t150))
(step t152 (cl (= @p_117 (! (=> @p_88 @p_83) :named @p_89))) :rule cong :premises (t135 t151))
(step t153 (cl (= @p_118 (! (not @p_89) :named @p_90))) :rule cong :premises (t152))
(step t154 (cl (= @p_86 (! (not (! (>= t (! (+ 4 1) :named @p_106)) :named @p_107)) :named @p_108))) :rule rare_rewrite :args ("arith-leq-norm" t 4))
(step t155 (cl (= @p_106 5)) :rule evaluate)
(step t156 (cl (= @p_107 @p_14)) :rule cong :premises (t155))
(step t157 (cl (= @p_108 @p_18)) :rule cong :premises (t156))
(step t158 (cl (= @p_86 @p_18)) :rule trans :premises (t154 t157))
(step t159 (cl (= @p_19 @p_19)) :rule refl)
(step t160 (cl (= @p_87 @p_67)) :rule cong :premises (t158 t159))
(step t161 (cl (= @p_84 (! (not (! (>= t @p_103) :named @p_104)) :named @p_105))) :rule rare_rewrite :args ("arith-leq-norm" t 5))
(step t162 (cl (= @p_103 6)) :rule evaluate)
(step t163 (cl (= @p_104 @p_15)) :rule cong :premises (t162))
(step t164 (cl (= @p_105 @p_16)) :rule cong :premises (t163))
(step t165 (cl (= @p_84 @p_16)) :rule trans :premises (t161 t164))
(step t166 (cl (= @p_14 @p_14)) :rule refl)
(step t167 (cl (= @p_85 @p_17)) :rule cong :premises (t165 t166))
(step t168 (cl (= @p_88 @p_68)) :rule cong :premises (t160 t167))
(step t169 (cl (= @p_72 (! (not (! (>= t (! (+ 3 1) :named @p_91)) :named @p_92)) :named @p_93))) :rule rare_rewrite :args ("arith-leq-norm" t 3))
(step t170 (cl (= @p_91 4)) :rule evaluate)
(step t171 (cl (= @p_92 @p_19)) :rule cong :premises (t170))
(step t172 (cl (= @p_93 @p_20)) :rule cong :premises (t171))
(step t173 (cl (= @p_72 @p_20)) :rule trans :premises (t169 t172))
(step t174 (cl (= @p_28 @p_28)) :rule refl)
(step t175 (cl (= @p_73 @p_31)) :rule cong :premises (t173 t174))
(step t176 (cl (= @p_82 @p_33)) :rule cong :premises (t175))
(step t177 (cl (= @p_78 (! (not (! (>= t (! (+ 0 1) :named @p_100)) :named @p_101)) :named @p_102))) :rule rare_rewrite :args ("arith-leq-norm" t 0))
(step t178 (cl (= @p_100 1)) :rule evaluate)
(step t179 (cl (= @p_101 @p_22)) :rule cong :premises (t178))
(step t180 (cl (= @p_102 @p_23)) :rule cong :premises (t179))
(step t181 (cl (= @p_78 @p_23)) :rule trans :premises (t177 t180))
(step t182 (cl (= @p_21 @p_21)) :rule refl)
(step t183 (cl (= @p_79 @p_24)) :rule cong :premises (t181 t182))
(step t184 (cl (= @p_76 (! (not (! (>= t (! (+ 1 1) :named @p_97)) :named @p_98)) :named @p_99))) :rule rare_rewrite :args ("arith-leq-norm" t 1))
(step t185 (cl (= @p_97 2)) :rule evaluate)
(step t186 (cl (= @p_98 @p_25)) :rule cong :premises (t185))
(step t187 (cl (= @p_99 @p_26)) :rule cong :premises (t186))
(step t188 (cl (= @p_76 @p_26)) :rule trans :premises (t184 t187))
(step t189 (cl (= @p_22 @p_22)) :rule refl)
(step t190 (cl (= @p_77 @p_27)) :rule cong :premises (t188 t189))
(step t191 (cl (= @p_74 (! (not (! (>= t (! (+ 2 1) :named @p_94)) :named @p_95)) :named @p_96))) :rule rare_rewrite :args ("arith-leq-norm" t 2))
(step t192 (cl (= @p_94 3)) :rule evaluate)
(step t193 (cl (= @p_95 @p_28)) :rule cong :premises (t192))
(step t194 (cl (= @p_96 @p_29)) :rule cong :premises (t193))
(step t195 (cl (= @p_74 @p_29)) :rule trans :premises (t191 t194))
(step t196 (cl (= @p_75 @p_30)) :rule cong :premises (t195 t38))
(step t197 (cl (= @p_80 @p_32)) :rule cong :premises (t183 t190 t196 t175))
(step t198 (cl (= @p_81 @p_61)) :rule cong :premises (t197))
(step t199 (cl (= @p_83 @p_66)) :rule cong :premises (t176 t198))
(step t200 (cl (= @p_89 @p_69)) :rule cong :premises (t168 t199))
(step t201 (cl (= @p_90 @p_70)) :rule cong :premises (t200))
(step t202 (cl @p_71) :rule trans :premises (t21 t128 t153 t201))
(step t203 (cl @p_70) :rule resolution :premises (t2 t202 a10) :args (@p_71 false @p_13 false))
(step t204 (cl @p_68) :rule not_implies1 :premises (t203))
(step t205 (cl @p_67 @p_17) :rule or :premises (t204))
(step t206 (cl (! (not @p_67) :named @p_277) @p_19) :rule and_pos :args (1))
(step t207 (cl @p_19 @p_277) :rule reordering :premises (t206))
(step t208 (cl (! (not @p_24) :named @p_259) @p_23) :rule and_pos :args (0))
(step t209 (cl @p_23 @p_259) :rule reordering :premises (t208))
(step t210 (cl @p_61 @p_24 @p_27 @p_30 @p_31) :rule or_pos)
(step t211 (cl @p_31 @p_24 @p_27 @p_30 @p_61) :rule reordering :premises (t210))
(step t212 (cl (not (! (= (! (or (! (not @p_23) :named @p_242) @p_26) :named @p_243) (! (or @p_22 @p_26) :named @p_241)) :named @p_244)) (not @p_243) @p_241) :rule equiv_pos2)
(step t213 (cl (= @p_242 @p_22)) :rule rare_rewrite :args ("bool-double-not-elim" @p_22))
(step t214 (cl (= @p_26 @p_26)) :rule refl)
(step t215 (cl @p_244) :rule cong :premises (t213 t214))
(step t216 (cl (! (=> (! (and @p_23 @p_25) :named @p_245) false) :named @p_247) @p_245) :rule implies_neg1)
(anchor :step t217)
(assume t217.a0 @p_23)
(assume t217.a1 @p_25)
(step t217.t0 (cl (not (! (= (! (< (! (+ t (! (* -1 t) :named @p_45)) :named @p_46) (! (+ 1 (! (* -1 2) :named @p_248)) :named @p_249)) :named @p_250) false) :named @p_251)) (not @p_250) false) :rule equiv_pos2)
(step t217.t1 (cl (= @p_250 (! (not (! (>= @p_46 @p_249) :named @p_256)) :named @p_257))) :rule rare_rewrite :args ("arith-elim-lt" @p_46 @p_249))
(step t217.t2 (cl (= @p_46 0)) :rule poly_simp)
(step t217.t3 (cl (= @p_248 -2)) :rule evaluate)
(step t217.t4 (cl (= @p_249 (! (+ 1 -2) :named @p_258))) :rule cong :premises (t217.t3))
(step t217.t5 (cl (= @p_258 -1)) :rule evaluate)
(step t217.t6 (cl (= @p_249 -1)) :rule trans :premises (t217.t4 t217.t5))
(step t217.t7 (cl (= @p_256 (! (>= 0 -1) :named @p_58))) :rule cong :premises (t217.t2 t217.t6))
(step t217.t8 (cl (= @p_58 true)) :rule evaluate)
(step t217.t9 (cl (= @p_256 true)) :rule trans :premises (t217.t7 t217.t8))
(step t217.t10 (cl (= @p_257 (! (not true) :named @p_57))) :rule cong :premises (t217.t9))
(step t217.t11 (cl (= @p_57 false)) :rule evaluate)
(step t217.t12 (cl (= @p_257 false)) :rule trans :premises (t217.t10 t217.t11))
(step t217.t13 (cl @p_251) :rule trans :premises (t217.t1 t217.t12))
(step t217.t14 (cl (not (! (< t 1) :named @p_252)) (not (! (<= @p_45 @p_248) :named @p_253)) @p_250) :rule la_generic :args (1/1 1/1 1/1))
(step t217.t15 (cl (not (! (= @p_23 @p_252) :named @p_255)) @p_242 @p_252) :rule equiv_pos2)
(step t217.t16 (cl (= @p_252 @p_23)) :rule rare_rewrite :args ("arith-elim-lt" t 1))
(step t217.t17 (cl @p_255) :rule symm :premises (t217.t16))
(step t217.t18 (cl @p_252) :rule resolution :premises (t217.t15 t217.t17 t217.a0) :args (@p_255 false @p_23 false))
(step t217.t19 (cl (=> (! (and (! (< -1 0) :named @p_51) @p_25) :named @p_254) @p_253)) :rule la_mult_neg)
(step t217.t20 (cl (not @p_254) @p_253) :rule implies :premises (t217.t19))
(step t217.t21 (cl (= (! (= @p_51 true) :named @p_53) @p_51)) :rule equiv_simplify)
(step t217.t22 (cl (not @p_53) @p_51) :rule equiv1 :premises (t217.t21))
(step t217.t23 (cl @p_53) :rule evaluate)
(step t217.t24 (cl @p_51) :rule resolution :premises (t217.t22 t217.t23) :args (@p_53 false))
(step t217.t25 (cl @p_254) :rule and_intro :premises (t217.t24 t217.a1))
(step t217.t26 (cl @p_253) :rule resolution :premises (t217.t20 t217.t25) :args (@p_254 false))
(step t217.t27 (cl @p_250) :rule resolution :premises (t217.t14 t217.t18 t217.t26) :args (@p_252 false @p_253 false))
(step t217.t28 (cl false) :rule resolution :premises (t217.t0 t217.t13 t217.t27) :args (@p_251 false @p_250 false))
(step t217 (cl @p_242 @p_26 false) :rule subproof :discharge (t217.a0 t217.a1))
(step t218 (cl (! (not @p_245) :named @p_246) @p_23) :rule and_pos :args (0))
(step t219 (cl @p_246 @p_25) :rule and_pos :args (1))
(step t220 (cl false @p_246 @p_246) :rule resolution :premises (t217 t218 t219) :args (@p_23 false @p_25 false))
(step t221 (cl @p_246 @p_246 false) :rule reordering :premises (t220))
(step t222 (cl @p_246 false) :rule contraction :premises (t221))
(step t223 (cl @p_247 false) :rule resolution :premises (t216 t222) :args (@p_245 true))
(step t224 (cl @p_247 @p_42) :rule implies_neg2)
(step t225 (cl @p_247 @p_247) :rule resolution :premises (t223 t224) :args (false true))
(step t226 (cl @p_247) :rule contraction :premises (t225))
(step t227 (cl (= @p_247 @p_246)) :rule implies_simplify)
(step t228 (cl (not @p_247) @p_246) :rule equiv1 :premises (t227))
(step t229 (cl @p_246) :rule resolution :premises (t226 t228) :args (@p_247 true))
(step t230 (cl @p_242 @p_26) :rule not_and :premises (t229))
(step t231 (cl @p_243 (not @p_242)) :rule or_neg :args (0))
(step t232 (cl @p_243 (! (not @p_26) :named @p_223)) :rule or_neg :args (1))
(step t233 (cl @p_243 @p_243) :rule resolution :premises (t230 t231 t232) :args (@p_242 true @p_26 true))
(step t234 (cl @p_243) :rule contraction :premises (t233))
(step t235 (cl @p_241) :rule resolution :premises (t212 t215 t234) :args (@p_244 false @p_243 false))
(step t236 (cl @p_22 @p_26) :rule or :premises (t235))
(step t237 (cl (! (not @p_27) :named @p_240) @p_26) :rule and_pos :args (0))
(step t238 (cl @p_26 @p_240) :rule reordering :premises (t237))
(step t239 (cl (not (! (= (! (or @p_223 @p_29) :named @p_224) (! (or @p_25 @p_29) :named @p_222)) :named @p_225)) (not @p_224) @p_222) :rule equiv_pos2)
(step t240 (cl (= @p_223 @p_25)) :rule rare_rewrite :args ("bool-double-not-elim" @p_25))
(step t241 (cl (= @p_29 @p_29)) :rule refl)
(step t242 (cl @p_225) :rule cong :premises (t240 t241))
(step t243 (cl (! (=> (! (and @p_26 @p_28) :named @p_226) false) :named @p_228) @p_226) :rule implies_neg1)
(anchor :step t244)
(assume t244.a0 @p_26)
(assume t244.a1 @p_28)
(step t244.t0 (cl (not (! (= (! (< @p_46 (! (+ 2 (! (* -1 3) :named @p_229)) :named @p_230)) :named @p_231) false) :named @p_232)) (not @p_231) false) :rule equiv_pos2)
(step t244.t1 (cl (= @p_231 (! (not (! (>= @p_46 @p_230) :named @p_237)) :named @p_238))) :rule rare_rewrite :args ("arith-elim-lt" @p_46 @p_230))
(step t244.t2 (cl (= @p_46 0)) :rule poly_simp)
(step t244.t3 (cl (= @p_229 -3)) :rule evaluate)
(step t244.t4 (cl (= @p_230 (! (+ 2 -3) :named @p_239))) :rule cong :premises (t244.t3))
(step t244.t5 (cl (= @p_239 -1)) :rule evaluate)
(step t244.t6 (cl (= @p_230 -1)) :rule trans :premises (t244.t4 t244.t5))
(step t244.t7 (cl (= @p_237 @p_58)) :rule cong :premises (t244.t2 t244.t6))
(step t244.t8 (cl (= @p_58 true)) :rule evaluate)
(step t244.t9 (cl (= @p_237 true)) :rule trans :premises (t244.t7 t244.t8))
(step t244.t10 (cl (= @p_238 @p_57)) :rule cong :premises (t244.t9))
(step t244.t11 (cl (= @p_57 false)) :rule evaluate)
(step t244.t12 (cl (= @p_238 false)) :rule trans :premises (t244.t10 t244.t11))
(step t244.t13 (cl @p_232) :rule trans :premises (t244.t1 t244.t12))
(step t244.t14 (cl (not (! (< t 2) :named @p_233)) (not (! (<= @p_45 @p_229) :named @p_234)) @p_231) :rule la_generic :args (1/1 1/1 1/1))
(step t244.t15 (cl (not (! (= @p_26 @p_233) :named @p_236)) @p_223 @p_233) :rule equiv_pos2)
(step t244.t16 (cl (= @p_233 @p_26)) :rule rare_rewrite :args ("arith-elim-lt" t 2))
(step t244.t17 (cl @p_236) :rule symm :premises (t244.t16))
(step t244.t18 (cl @p_233) :rule resolution :premises (t244.t15 t244.t17 t244.a0) :args (@p_236 false @p_26 false))
(step t244.t19 (cl (=> (! (and @p_51 @p_28) :named @p_235) @p_234)) :rule la_mult_neg)
(step t244.t20 (cl (not @p_235) @p_234) :rule implies :premises (t244.t19))
(step t244.t21 (cl (= @p_53 @p_51)) :rule equiv_simplify)
(step t244.t22 (cl (not @p_53) @p_51) :rule equiv1 :premises (t244.t21))
(step t244.t23 (cl @p_53) :rule evaluate)
(step t244.t24 (cl @p_51) :rule resolution :premises (t244.t22 t244.t23) :args (@p_53 false))
(step t244.t25 (cl @p_235) :rule and_intro :premises (t244.t24 t244.a1))
(step t244.t26 (cl @p_234) :rule resolution :premises (t244.t20 t244.t25) :args (@p_235 false))
(step t244.t27 (cl @p_231) :rule resolution :premises (t244.t14 t244.t18 t244.t26) :args (@p_233 false @p_234 false))
(step t244.t28 (cl false) :rule resolution :premises (t244.t0 t244.t13 t244.t27) :args (@p_232 false @p_231 false))
(step t244 (cl @p_223 @p_29 false) :rule subproof :discharge (t244.a0 t244.a1))
(step t245 (cl (! (not @p_226) :named @p_227) @p_26) :rule and_pos :args (0))
(step t246 (cl @p_227 @p_28) :rule and_pos :args (1))
(step t247 (cl false @p_227 @p_227) :rule resolution :premises (t244 t245 t246) :args (@p_26 false @p_28 false))
(step t248 (cl @p_227 @p_227 false) :rule reordering :premises (t247))
(step t249 (cl @p_227 false) :rule contraction :premises (t248))
(step t250 (cl @p_228 false) :rule resolution :premises (t243 t249) :args (@p_226 true))
(step t251 (cl @p_228 @p_42) :rule implies_neg2)
(step t252 (cl @p_228 @p_228) :rule resolution :premises (t250 t251) :args (false true))
(step t253 (cl @p_228) :rule contraction :premises (t252))
(step t254 (cl (= @p_228 @p_227)) :rule implies_simplify)
(step t255 (cl (not @p_228) @p_227) :rule equiv1 :premises (t254))
(step t256 (cl @p_227) :rule resolution :premises (t253 t255) :args (@p_228 true))
(step t257 (cl @p_223 @p_29) :rule not_and :premises (t256))
(step t258 (cl @p_224 (not @p_223)) :rule or_neg :args (0))
(step t259 (cl @p_224 (! (not @p_29) :named @p_35)) :rule or_neg :args (1))
(step t260 (cl @p_224 @p_224) :rule resolution :premises (t257 t258 t259) :args (@p_223 true @p_29 true))
(step t261 (cl @p_224) :rule contraction :premises (t260))
(step t262 (cl @p_222) :rule resolution :premises (t239 t242 t261) :args (@p_225 false @p_224 false))
(step t263 (cl @p_25 @p_29) :rule or :premises (t262))
(step t264 (cl (! (not @p_30) :named @p_221) @p_29) :rule and_pos :args (0))
(step t265 (cl @p_29 @p_221) :rule reordering :premises (t264))
(step t266 (cl (not (! (= (! (or (! (not @p_33) :named @p_63) (! (not @p_61) :named @p_62)) :named @p_64) (! (or @p_31 @p_32) :named @p_60)) :named @p_65)) (not @p_64) @p_60) :rule equiv_pos2)
(step t267 (cl (= @p_63 @p_31)) :rule rare_rewrite :args ("bool-double-not-elim" @p_31))
(step t268 (cl (= @p_62 @p_32)) :rule rare_rewrite :args ("bool-double-not-elim" @p_32))
(step t269 (cl @p_65) :rule cong :premises (t267 t268))
(step t270 (cl (not @p_66)) :rule not_implies2 :premises (t203))
(step t271 (cl @p_63 @p_62) :rule not_and :premises (t270))
(step t272 (cl @p_64 (not @p_63)) :rule or_neg :args (0))
(step t273 (cl @p_64 (not @p_62)) :rule or_neg :args (1))
(step t274 (cl @p_64 @p_64) :rule resolution :premises (t271 t272 t273) :args (@p_63 true @p_62 true))
(step t275 (cl @p_64) :rule contraction :premises (t274))
(step t276 (cl @p_60) :rule resolution :premises (t266 t269 t275) :args (@p_65 false @p_64 false))
(step t277 (cl @p_31 @p_32) :rule or :premises (t276))
(step t278 (cl (not (! (= (! (or @p_35 @p_20) :named @p_36) (! (or @p_28 @p_20) :named @p_34)) :named @p_37)) (not @p_36) @p_34) :rule equiv_pos2)
(step t279 (cl (= @p_35 @p_28)) :rule rare_rewrite :args ("bool-double-not-elim" @p_28))
(step t280 (cl (= @p_20 @p_20)) :rule refl)
(step t281 (cl @p_37) :rule cong :premises (t279 t280))
(step t282 (cl (! (=> (! (and @p_29 @p_19) :named @p_39) false) :named @p_41) @p_39) :rule implies_neg1)
(anchor :step t283)
(assume t283.a0 @p_29)
(assume t283.a1 @p_19)
(step t283.t0 (cl (not (! (= (! (< @p_46 (! (+ 3 (! (* -1 4) :named @p_43)) :named @p_44)) :named @p_47) false) :named @p_48)) (not @p_47) false) :rule equiv_pos2)
(step t283.t1 (cl (= @p_47 (! (not (! (>= @p_46 @p_44) :named @p_55)) :named @p_56))) :rule rare_rewrite :args ("arith-elim-lt" @p_46 @p_44))
(step t283.t2 (cl (= @p_46 0)) :rule poly_simp)
(step t283.t3 (cl (= @p_43 -4)) :rule evaluate)
(step t283.t4 (cl (= @p_44 (! (+ 3 -4) :named @p_59))) :rule cong :premises (t283.t3))
(step t283.t5 (cl (= @p_59 -1)) :rule evaluate)
(step t283.t6 (cl (= @p_44 -1)) :rule trans :premises (t283.t4 t283.t5))
(step t283.t7 (cl (= @p_55 @p_58)) :rule cong :premises (t283.t2 t283.t6))
(step t283.t8 (cl (= @p_58 true)) :rule evaluate)
(step t283.t9 (cl (= @p_55 true)) :rule trans :premises (t283.t7 t283.t8))
(step t283.t10 (cl (= @p_56 @p_57)) :rule cong :premises (t283.t9))
(step t283.t11 (cl (= @p_57 false)) :rule evaluate)
(step t283.t12 (cl (= @p_56 false)) :rule trans :premises (t283.t10 t283.t11))
(step t283.t13 (cl @p_48) :rule trans :premises (t283.t1 t283.t12))
(step t283.t14 (cl (not (! (< t 3) :named @p_49)) (not (! (<= @p_45 @p_43) :named @p_50)) @p_47) :rule la_generic :args (1/1 1/1 1/1))
(step t283.t15 (cl (not (! (= @p_29 @p_49) :named @p_54)) @p_35 @p_49) :rule equiv_pos2)
(step t283.t16 (cl (= @p_49 @p_29)) :rule rare_rewrite :args ("arith-elim-lt" t 3))
(step t283.t17 (cl @p_54) :rule symm :premises (t283.t16))
(step t283.t18 (cl @p_49) :rule resolution :premises (t283.t15 t283.t17 t283.a0) :args (@p_54 false @p_29 false))
(step t283.t19 (cl (=> (! (and @p_51 @p_19) :named @p_52) @p_50)) :rule la_mult_neg)
(step t283.t20 (cl (not @p_52) @p_50) :rule implies :premises (t283.t19))
(step t283.t21 (cl (= @p_53 @p_51)) :rule equiv_simplify)
(step t283.t22 (cl (not @p_53) @p_51) :rule equiv1 :premises (t283.t21))
(step t283.t23 (cl @p_53) :rule evaluate)
(step t283.t24 (cl @p_51) :rule resolution :premises (t283.t22 t283.t23) :args (@p_53 false))
(step t283.t25 (cl @p_52) :rule and_intro :premises (t283.t24 t283.a1))
(step t283.t26 (cl @p_50) :rule resolution :premises (t283.t20 t283.t25) :args (@p_52 false))
(step t283.t27 (cl @p_47) :rule resolution :premises (t283.t14 t283.t18 t283.t26) :args (@p_49 false @p_50 false))
(step t283.t28 (cl false) :rule resolution :premises (t283.t0 t283.t13 t283.t27) :args (@p_48 false @p_47 false))
(step t283 (cl @p_35 @p_20 false) :rule subproof :discharge (t283.a0 t283.a1))
(step t284 (cl (! (not @p_39) :named @p_40) @p_29) :rule and_pos :args (0))
(step t285 (cl @p_40 @p_19) :rule and_pos :args (1))
(step t286 (cl false @p_40 @p_40) :rule resolution :premises (t283 t284 t285) :args (@p_29 false @p_19 false))
(step t287 (cl @p_40 @p_40 false) :rule reordering :premises (t286))
(step t288 (cl @p_40 false) :rule contraction :premises (t287))
(step t289 (cl @p_41 false) :rule resolution :premises (t282 t288) :args (@p_39 true))
(step t290 (cl @p_41 @p_42) :rule implies_neg2)
(step t291 (cl @p_41 @p_41) :rule resolution :premises (t289 t290) :args (false true))
(step t292 (cl @p_41) :rule contraction :premises (t291))
(step t293 (cl (= @p_41 @p_40)) :rule implies_simplify)
(step t294 (cl (not @p_41) @p_40) :rule equiv1 :premises (t293))
(step t295 (cl @p_40) :rule resolution :premises (t292 t294) :args (@p_41 true))
(step t296 (cl @p_35 @p_20) :rule not_and :premises (t295))
(step t297 (cl @p_36 (not @p_35)) :rule or_neg :args (0))
(step t298 (cl @p_36 (! (not @p_20) :named @p_38)) :rule or_neg :args (1))
(step t299 (cl @p_36 @p_36) :rule resolution :premises (t296 t297 t298) :args (@p_35 true @p_20 true))
(step t300 (cl @p_36) :rule contraction :premises (t299))
(step t301 (cl @p_34) :rule resolution :premises (t278 t281 t300) :args (@p_37 false @p_36 false))
(step t302 (cl @p_28 @p_20) :rule or :premises (t301))
(step t303 (cl @p_33 @p_20) :rule and_pos :args (0))
(step t304 (cl @p_20 @p_33) :rule reordering :premises (t303))
(step t305 (cl @p_20) :rule resolution :premises (t209 t211 t236 t238 t263 t265 t277 t302 t304) :args (@p_24 false @p_22 false @p_27 true @p_25 false @p_30 true @p_32 false @p_28 false @p_31 true))
(step t306 (cl @p_277) :rule resolution :premises (t207 t305) :args (@p_19 true))
(step t307 (cl @p_17) :rule resolution :premises (t205 t306) :args (@p_67 true))
(step t308 (cl (not (! (= (! (or @p_38 @p_18) :named @p_261) (! (or @p_19 @p_18) :named @p_260)) :named @p_262)) (not @p_261) @p_260) :rule equiv_pos2)
(step t309 (cl (= @p_38 @p_19)) :rule rare_rewrite :args ("bool-double-not-elim" @p_19))
(step t310 (cl (= @p_18 @p_18)) :rule refl)
(step t311 (cl @p_262) :rule cong :premises (t309 t310))
(step t312 (cl (! (=> (! (and @p_20 @p_14) :named @p_263) false) :named @p_265) @p_263) :rule implies_neg1)
(anchor :step t313)
(assume t313.a0 @p_20)
(assume t313.a1 @p_14)
(step t313.t0 (cl (not (! (= (! (< @p_46 (! (+ 4 (! (* -1 5) :named @p_266)) :named @p_267)) :named @p_268) false) :named @p_269)) (not @p_268) false) :rule equiv_pos2)
(step t313.t1 (cl (= @p_268 (! (not (! (>= @p_46 @p_267) :named @p_274)) :named @p_275))) :rule rare_rewrite :args ("arith-elim-lt" @p_46 @p_267))
(step t313.t2 (cl (= @p_46 0)) :rule poly_simp)
(step t313.t3 (cl (= @p_266 -5)) :rule evaluate)
(step t313.t4 (cl (= @p_267 (! (+ 4 -5) :named @p_276))) :rule cong :premises (t313.t3))
(step t313.t5 (cl (= @p_276 -1)) :rule evaluate)
(step t313.t6 (cl (= @p_267 -1)) :rule trans :premises (t313.t4 t313.t5))
(step t313.t7 (cl (= @p_274 @p_58)) :rule cong :premises (t313.t2 t313.t6))
(step t313.t8 (cl (= @p_58 true)) :rule evaluate)
(step t313.t9 (cl (= @p_274 true)) :rule trans :premises (t313.t7 t313.t8))
(step t313.t10 (cl (= @p_275 @p_57)) :rule cong :premises (t313.t9))
(step t313.t11 (cl (= @p_57 false)) :rule evaluate)
(step t313.t12 (cl (= @p_275 false)) :rule trans :premises (t313.t10 t313.t11))
(step t313.t13 (cl @p_269) :rule trans :premises (t313.t1 t313.t12))
(step t313.t14 (cl (not (! (< t 4) :named @p_270)) (not (! (<= @p_45 @p_266) :named @p_271)) @p_268) :rule la_generic :args (1/1 1/1 1/1))
(step t313.t15 (cl (not (! (= @p_20 @p_270) :named @p_273)) @p_38 @p_270) :rule equiv_pos2)
(step t313.t16 (cl (= @p_270 @p_20)) :rule rare_rewrite :args ("arith-elim-lt" t 4))
(step t313.t17 (cl @p_273) :rule symm :premises (t313.t16))
(step t313.t18 (cl @p_270) :rule resolution :premises (t313.t15 t313.t17 t313.a0) :args (@p_273 false @p_20 false))
(step t313.t19 (cl (=> (! (and @p_51 @p_14) :named @p_272) @p_271)) :rule la_mult_neg)
(step t313.t20 (cl (not @p_272) @p_271) :rule implies :premises (t313.t19))
(step t313.t21 (cl (= @p_53 @p_51)) :rule equiv_simplify)
(step t313.t22 (cl (not @p_53) @p_51) :rule equiv1 :premises (t313.t21))
(step t313.t23 (cl @p_53) :rule evaluate)
(step t313.t24 (cl @p_51) :rule resolution :premises (t313.t22 t313.t23) :args (@p_53 false))
(step t313.t25 (cl @p_272) :rule and_intro :premises (t313.t24 t313.a1))
(step t313.t26 (cl @p_271) :rule resolution :premises (t313.t20 t313.t25) :args (@p_272 false))
(step t313.t27 (cl @p_268) :rule resolution :premises (t313.t14 t313.t18 t313.t26) :args (@p_270 false @p_271 false))
(step t313.t28 (cl false) :rule resolution :premises (t313.t0 t313.t13 t313.t27) :args (@p_269 false @p_268 false))
(step t313 (cl @p_38 @p_18 false) :rule subproof :discharge (t313.a0 t313.a1))
(step t314 (cl (! (not @p_263) :named @p_264) @p_20) :rule and_pos :args (0))
(step t315 (cl @p_264 @p_14) :rule and_pos :args (1))
(step t316 (cl false @p_264 @p_264) :rule resolution :premises (t313 t314 t315) :args (@p_20 false @p_14 false))
(step t317 (cl @p_264 @p_264 false) :rule reordering :premises (t316))
(step t318 (cl @p_264 false) :rule contraction :premises (t317))
(step t319 (cl @p_265 false) :rule resolution :premises (t312 t318) :args (@p_263 true))
(step t320 (cl @p_265 @p_42) :rule implies_neg2)
(step t321 (cl @p_265 @p_265) :rule resolution :premises (t319 t320) :args (false true))
(step t322 (cl @p_265) :rule contraction :premises (t321))
(step t323 (cl (= @p_265 @p_264)) :rule implies_simplify)
(step t324 (cl (not @p_265) @p_264) :rule equiv1 :premises (t323))
(step t325 (cl @p_264) :rule resolution :premises (t322 t324) :args (@p_265 true))
(step t326 (cl @p_38 @p_18) :rule not_and :premises (t325))
(step t327 (cl @p_261 (not @p_38)) :rule or_neg :args (0))
(step t328 (cl @p_261 (not @p_18)) :rule or_neg :args (1))
(step t329 (cl @p_261 @p_261) :rule resolution :premises (t326 t327 t328) :args (@p_38 true @p_18 true))
(step t330 (cl @p_261) :rule contraction :premises (t329))
(step t331 (cl @p_260) :rule resolution :premises (t308 t311 t330) :args (@p_262 false @p_261 false))
(step t332 (cl @p_19 @p_18) :rule or :premises (t331))
(step t333 (cl @p_18) :rule resolution :premises (t332 t305) :args (@p_19 true))
(step t334 (cl) :rule resolution :premises (t1 t307 t333) :args (@p_17 false @p_14 true))
)
