Building LCTR_Core_Continuum_Boundary ...
Building LCTR_Core_Continuum_Datum ...
Finished LCTR_Core_Continuum_Boundary (0:00:11 elapsed time, 0:00:34 cpu time, factor 2.95)
Running LCTR_Core_Judgment_Boundary ...
Finished LCTR_Core_Continuum_Datum (0:00:34 elapsed time, 0:01:02 cpu time, factor 1.84)
Building LCTR_AFP_Smooth_Library ...
Finished LCTR_Core_Judgment_Boundary (0:00:26 elapsed time, 0:00:58 cpu time, factor 2.22)
Building LCTR_Core_Continuum_Integration ...
Finished LCTR_AFP_Smooth_Library (0:00:15 elapsed time, 0:00:31 cpu time, factor 1.99)
Building LCTR_Core_Curve_Regularity ...
Finished LCTR_Core_Continuum_Integration (0:00:12 elapsed time, 0:00:34 cpu time, factor 2.71)
Building LCTR_Core_Trajectory_Descent ...
Finished LCTR_Core_Trajectory_Descent (0:00:02 elapsed time, 0:00:03 cpu time)
Building LCTR_Core_Dynamics_Factors ...
Finished LCTR_Core_Curve_Regularity (0:00:05 elapsed time, 0:00:08 cpu time, factor 1.58)
Building LCTR_Core_Transported_Native_Jets ...
Finished LCTR_Core_Dynamics_Factors (0:00:02 elapsed time, 0:00:03 cpu time)
Building LCTR_Core_Dynamics_Refinement ...
Finished LCTR_Core_Dynamics_Refinement (0:00:03 elapsed time, 0:00:04 cpu time, factor 1.47)
Running LCTR_Core_Nonmonotone_Boundary_Data ...
Finished LCTR_Core_Transported_Native_Jets (0:00:11 elapsed time, 0:00:18 cpu time, factor 1.64)
Building LCTR_Dynamics_Refinement_Alignment ...
Finished LCTR_Core_Nonmonotone_Boundary_Data (0:00:12 elapsed time, 0:00:47 cpu time, factor 3.77)
Building LCTR_Native_Law_Jet_Core ...
Finished LCTR_Dynamics_Refinement_Alignment (0:00:06 elapsed time, 0:00:13 cpu time, factor 2.14)
Building LCTR_Core_Finite_Audit ...
Finished LCTR_Native_Law_Jet_Core (0:00:05 elapsed time, 0:00:09 cpu time, factor 1.63)
Building LCTR_Core_Dynamics_Tokens ...
Finished LCTR_Core_Finite_Audit (0:00:06 elapsed time, 0:00:08 cpu time, factor 1.26)
Building LCTR_Presentation_Fiber_Admissibility ...
Finished LCTR_Core_Dynamics_Tokens (0:00:13 elapsed time, 0:00:15 cpu time, factor 1.13)
Building LCTR_Native_Time_Change ...
Finished LCTR_Presentation_Fiber_Admissibility (0:00:16 elapsed time, 0:00:18 cpu time, factor 1.07)
Building LCTR_Core_Continuum_Topology ...
Finished LCTR_Native_Time_Change (0:00:05 elapsed time, 0:00:09 cpu time, factor 1.60)
Building LCTR_Native_Chart_Overlaps ...
Finished LCTR_Core_Continuum_Topology (0:00:02 elapsed time, 0:00:03 cpu time)
Building LCTR_Core_Continuum_Encoding ...
Finished LCTR_Core_Continuum_Encoding (0:00:02 elapsed time, 0:00:03 cpu time)
Running LCTR_Core_Continuum_Failure ...
Finished LCTR_Native_Chart_Overlaps (0:00:04 elapsed time, 0:00:07 cpu time, factor 1.63)
Building LCTR_Native_Value_Change ...
Finished LCTR_Native_Value_Change (0:00:08 elapsed time, 0:00:10 cpu time, factor 1.31)
Building LCTR_Native_Atlas_Certificates ...
Finished LCTR_Native_Atlas_Certificates (0:00:07 elapsed time, 0:00:10 cpu time, factor 1.47)
Building LCTR_Native_Atlas_Carriers ...
Finished LCTR_Core_Continuum_Failure (0:00:19 elapsed time, 0:00:26 cpu time, factor 1.38)
Building LCTR_Factorization_Isabelle ...
Finished LCTR_Factorization_Isabelle (0:00:02 elapsed time, 0:00:03 cpu time)
Building LCTR_Core_Representation_Images ...
Finished LCTR_Native_Atlas_Carriers (0:00:06 elapsed time, 0:00:09 cpu time, factor 1.43)
Running LCTR_Native_Selected_Differential_Alignment ...
Finished LCTR_Core_Representation_Images (0:00:03 elapsed time, 0:00:04 cpu time, factor 1.07)
Building LCTR_Core_Universal_Factorization ...
Finished LCTR_Core_Universal_Factorization (0:00:04 elapsed time, 0:00:04 cpu time, factor 1.02)
Building LCTR_Core_Dag_Recursion ...
Finished LCTR_Core_Dag_Recursion (0:00:02 elapsed time, 0:00:03 cpu time)
Building LCTR_Core_Order_Atlas ...
Finished LCTR_Native_Selected_Differential_Alignment (0:00:13 elapsed time, 0:00:31 cpu time, factor 2.36)
Building LCTR_Core_Evaluation ...
Finished LCTR_Core_Order_Atlas (0:00:02 elapsed time, 0:00:03 cpu time)
Building LCTR_Core_Comparison_Failure ...
Finished LCTR_Core_Evaluation (0:00:02 elapsed time, 0:00:04 cpu time)
Building LCTR_Core_Exact_Structure ...
Finished LCTR_Core_Comparison_Failure (0:00:02 elapsed time, 0:00:03 cpu time)
Building LCTR_Core_Comparison_Scope ...
Finished LCTR_Core_Comparison_Scope (0:00:03 elapsed time, 0:00:03 cpu time, factor 1.23)
Building LCTR_Core_First_Failure_Report ...
Finished LCTR_Core_Exact_Structure (0:00:07 elapsed time, 0:00:09 cpu time, factor 1.39)
Building LCTR_Core_Token_Graph ...
Finished LCTR_Core_First_Failure_Report (0:00:14 elapsed time, 0:00:38 cpu time, factor 2.71)
Running LCTR_Native_Differential_Synthesis_Alignment ...
Finished LCTR_Core_Token_Graph (0:00:14 elapsed time, 0:00:35 cpu time, factor 2.41)
Building LCTR_Core_Dynamics_Factors_Alignment ...
Finished LCTR_Core_Dynamics_Factors_Alignment (0:00:02 elapsed time, 0:00:03 cpu time)
Building LCTR_Core_Observer_Time ...
Finished LCTR_Core_Observer_Time (0:00:02 elapsed time, 0:00:04 cpu time)
Building LCTR_Core_Exact_Completion ...
Finished LCTR_Native_Differential_Synthesis_Alignment (0:00:10 elapsed time, 0:00:26 cpu time, factor 2.53)
Building LCTR_Core_Typed_Words ...
Finished LCTR_Core_Typed_Words (0:00:02 elapsed time, 0:00:03 cpu time)
Building LCTR_Core_Native_Curves ...
Finished LCTR_Core_Exact_Completion (0:00:05 elapsed time, 0:00:09 cpu time, factor 1.62)
Building LCTR_Core_Comparison_Integration ...
Finished LCTR_Core_Native_Curves (0:00:02 elapsed time, 0:00:03 cpu time)
Building LCTR_Core_Native_Observables ...
Finished LCTR_Core_Native_Observables (0:00:02 elapsed time, 0:00:03 cpu time)
Finished LCTR_Core_Comparison_Integration (0:00:04 elapsed time, 0:00:06 cpu time, factor 1.56)
Building LCTR_Core_Law_Input_Bundle ...
Building LCTR_Core_Source_Loops ...
Finished LCTR_Core_Source_Loops (0:00:02 elapsed time, 0:00:04 cpu time)
Building LCTR_Core_Law_Failure ...
Finished LCTR_Core_Law_Input_Bundle (0:00:04 elapsed time, 0:00:09 cpu time, factor 2.16)
Building LCTR_Core_Paired_Comparison ...
Finished LCTR_Core_Law_Failure (0:00:02 elapsed time, 0:00:03 cpu time)
Building LCTR_Chapter02_Isabelle_Bridge ...
Finished LCTR_Core_Paired_Comparison (0:00:02 elapsed time, 0:00:03 cpu time)
Running LCTR_Core_Pair_Input_Bridge ...
Finished LCTR_Chapter02_Isabelle_Bridge (0:00:04 elapsed time, 0:00:05 cpu time, factor 1.22)
Building LCTR_Core_Native_Law_Family ...
Finished LCTR_Core_Native_Law_Family (0:00:03 elapsed time, 0:00:04 cpu time, factor 1.40)
Building LCTR_Core_Differential_Selected ...
Finished LCTR_Core_Pair_Input_Bridge (0:00:07 elapsed time, 0:00:20 cpu time, factor 2.59)
Building LCTR_Core_Exact_Input_Assembly ...
Finished LCTR_Core_Differential_Selected (0:00:02 elapsed time, 0:00:04 cpu time)
Building LCTR_Core_Comparison_Stage ...
Finished LCTR_Core_Exact_Input_Assembly (0:00:02 elapsed time, 0:00:04 cpu time)
Building LCTR_Core_Dynamics_Bundle ...
Finished LCTR_Core_Comparison_Stage (0:00:03 elapsed time, 0:00:04 cpu time, factor 1.46)
Building LCTR_Core_Representation_Stages ...
Finished LCTR_Core_Dynamics_Bundle (0:00:03 elapsed time, 0:00:04 cpu time, factor 1.52)
Building LCTR_Core_Continuum_Native_Records_Aligned ...
Finished LCTR_Core_Representation_Stages (0:00:02 elapsed time, 0:00:03 cpu time)
Running LCTR_Core_Configuration_Order ...
Finished LCTR_Core_Continuum_Native_Records_Aligned (0:00:06 elapsed time, 0:00:10 cpu time, factor 1.57)
Building LCTR_Core_Law_Countercases ...
Finished LCTR_Core_Law_Countercases (0:00:02 elapsed time, 0:00:03 cpu time)
Building LCTR_Core_Differential_Output ...
Finished LCTR_Core_Configuration_Order (0:00:07 elapsed time, 0:00:13 cpu time, factor 1.78)
Running LCTR_Core_Representation_Failure_Stages ...
Finished LCTR_Core_Differential_Output (0:00:02 elapsed time, 0:00:03 cpu time)
Running LCTR_Core_Law_Refinement ...
Finished LCTR_Core_Representation_Failure_Stages (0:00:06 elapsed time, 0:00:09 cpu time, factor 1.34)
Building LCTR_Core_Carrier_Patterns ...
Finished LCTR_Core_Law_Refinement (0:00:06 elapsed time, 0:00:08 cpu time, factor 1.27)
Running LCTR_Core_Configuration_Observer_Time ...
Finished LCTR_Core_Carrier_Patterns (0:00:04 elapsed time, 0:00:06 cpu time, factor 1.37)
Building LCTR_Core_Configuration_Comparison ...
Finished LCTR_Core_Configuration_Observer_Time (0:00:07 elapsed time, 0:00:12 cpu time, factor 1.84)
Running LCTR_Core_Differential_Refinement ...
Finished LCTR_Core_Configuration_Comparison (0:00:08 elapsed time, 0:00:17 cpu time, factor 1.98)
Building LCTR_Core_Dynamic_Master ...
Finished LCTR_Core_Dynamic_Master (0:00:02 elapsed time, 0:00:03 cpu time)
Finished LCTR_Core_Differential_Refinement (0:00:06 elapsed time, 0:00:08 cpu time, factor 1.25)
Running LCTR_Core_Finite_Partitions_Alignment ...
Building LCTR_Core_Differential_Tokens ...
Finished LCTR_Core_Finite_Partitions_Alignment (0:00:06 elapsed time, 0:00:06 cpu time, factor 1.00)
Running LCTR_Core_Three_Layer_Synthesis ...
Finished LCTR_Core_Differential_Tokens (0:00:07 elapsed time, 0:00:10 cpu time, factor 1.37)
Building LCTR_Core_Observer_Record_Images ...
Finished LCTR_Core_Three_Layer_Synthesis (0:00:05 elapsed time, 0:00:11 cpu time, factor 1.92)
Running LCTR_Native_Family_Alignment ...
Finished LCTR_Core_Observer_Record_Images (0:00:06 elapsed time, 0:00:10 cpu time, factor 1.73)
Running LCTR_Core_Dynamics_Execution ...
Finished LCTR_Native_Family_Alignment (0:00:05 elapsed time, 0:00:09 cpu time, factor 1.61)
Running LCTR_Core_Detector_Source_Bridge ...
Finished LCTR_Core_Dynamics_Execution (0:00:05 elapsed time, 0:00:06 cpu time, factor 1.11)
Building LCTR_Core_Native_Law_Components ...
Finished LCTR_Core_Detector_Source_Bridge (0:00:05 elapsed time, 0:00:07 cpu time, factor 1.28)
Building LCTR_Core_Law_Transport ...
Finished LCTR_Core_Native_Law_Components (0:00:04 elapsed time, 0:00:10 cpu time, factor 2.18)
Running LCTR_Core_Joint_Condition_Routes ...
Finished LCTR_Core_Law_Transport (0:00:03 elapsed time, 0:00:04 cpu time, factor 1.41)
Building LCTR_Core_Joint_Time ...
Finished LCTR_Core_Joint_Condition_Routes (0:00:05 elapsed time, 0:00:11 cpu time, factor 2.13)
Building LCTR_Core_Operational_Configuration ...
Finished LCTR_Core_Joint_Time (0:00:03 elapsed time, 0:00:07 cpu time, factor 2.26)
Building LCTR_Full_Carrier_Component_Transport ...
Finished LCTR_Full_Carrier_Component_Transport (0:00:02 elapsed time, 0:00:03 cpu time)
Building LCTR_Full_Carrier_Family_Transport ...
Finished LCTR_Core_Operational_Configuration (0:00:04 elapsed time, 0:00:06 cpu time, factor 1.45)
Running LCTR_Core_Law_Differential_Bundle ...
Finished LCTR_Full_Carrier_Family_Transport (0:00:02 elapsed time, 0:00:03 cpu time)
Building LCTR_Law_Index_Encoding ...
Finished LCTR_Law_Index_Encoding (0:00:02 elapsed time, 0:00:03 cpu time)
Building LCTR_Tagged_Law_Carriers ...
Finished LCTR_Core_Law_Differential_Bundle (0:00:04 elapsed time, 0:00:06 cpu time, factor 1.62)
Running LCTR_Core_Continuum_Native_Cells ...
Finished LCTR_Tagged_Law_Carriers (0:00:02 elapsed time, 0:00:03 cpu time)
Building LCTR_Tagged_Native_Law_Family ...
Finished LCTR_Core_Continuum_Native_Cells (0:00:03 elapsed time, 0:00:07 cpu time, factor 1.89)
Building LCTR_Core_Native_Joint_Relation ...
Finished LCTR_Tagged_Native_Law_Family (0:00:02 elapsed time, 0:00:03 cpu time)
Building LCTR_Tagged_Native_Selection ...
Finished LCTR_Core_Native_Joint_Relation (0:00:03 elapsed time, 0:00:04 cpu time, factor 1.37)
Building LCTR_Core_Record_Cells ...
Finished LCTR_Tagged_Native_Selection (0:00:05 elapsed time, 0:00:14 cpu time, factor 2.53)
Building LCTR_Finite_Coordinate_Flattening ...
Finished LCTR_Core_Record_Cells (0:00:02 elapsed time, 0:00:03 cpu time)
Building LCTR_Core_Joint_Law_Evaluation ...
Finished LCTR_Finite_Coordinate_Flattening (0:00:04 elapsed time, 0:00:07 cpu time, factor 1.63)
Building LCTR_Finite_Coordinate_Sup_Norm ...
Finished LCTR_Core_Joint_Law_Evaluation (0:00:05 elapsed time, 0:00:07 cpu time, factor 1.48)
Running LCTR_Core_Continuum_Input ...
Finished LCTR_Core_Continuum_Input (0:00:03 elapsed time, 0:00:05 cpu time, factor 1.39)
Running LCTR_Core_Comparison_Failure_Witnesses ...
Finished LCTR_Finite_Coordinate_Sup_Norm (0:00:05 elapsed time, 0:00:08 cpu time, factor 1.56)
Building LCTR_Core_Native_Law_Failure ...
Finished LCTR_Core_Comparison_Failure_Witnesses (0:00:02 elapsed time, 0:00:04 cpu time)
Building LCTR_Core_Failure_Multiplicity ...
Finished LCTR_Core_Native_Law_Failure (0:00:02 elapsed time, 0:00:03 cpu time)
Building LCTR_Native_Coordinate_Vectors ...
Finished LCTR_Core_Failure_Multiplicity (0:00:02 elapsed time, 0:00:03 cpu time)
Running LCTR_Core_Native_Law_Transport ...
Finished LCTR_Core_Native_Law_Transport (0:00:02 elapsed time, 0:00:03 cpu time)
Building LCTR_Native_Law_Datum_Semantics ...
Finished LCTR_Native_Coordinate_Vectors (0:00:04 elapsed time, 0:00:07 cpu time, factor 1.65)
Building LCTR_Core_Time_Jet_Changes ...
Finished LCTR_Native_Law_Datum_Semantics (0:00:03 elapsed time, 0:00:05 cpu time, factor 1.50)
Building LCTR_Core_Native_Word_Families ...
Finished LCTR_Core_Time_Jet_Changes (0:00:04 elapsed time, 0:00:07 cpu time, factor 1.64)
Running LCTR_Core_Configuration_Dynamics ...
Finished LCTR_Core_Native_Word_Families (0:00:02 elapsed time, 0:00:03 cpu time)
Building LCTR_Native_Coordinate_Linear ...
Finished LCTR_Core_Configuration_Dynamics (0:00:02 elapsed time, 0:00:04 cpu time)
Building LCTR_Core_Dynamics_Interfaces ...
Finished LCTR_Core_Dynamics_Interfaces (0:00:03 elapsed time, 0:00:07 cpu time, factor 2.19)
Running LCTR_Core_Pair_Transport_Factorization ...
Finished LCTR_Native_Coordinate_Linear (0:00:05 elapsed time, 0:00:08 cpu time, factor 1.53)
Running LCTR_Core_Engineering_Effects ...
Finished LCTR_Core_Pair_Transport_Factorization (0:00:01 elapsed time, 0:00:04 cpu time)
Running LCTR_Core_Joint_Input_Data ...
Finished LCTR_Core_Engineering_Effects (0:00:02 elapsed time, 0:00:03 cpu time)
Building LCTR_Core_Word_Encoding ...
Finished LCTR_Core_Joint_Input_Data (0:00:01 elapsed time, 0:00:04 cpu time)
Running LCTR_Factorization_Alignment ...
Finished LCTR_Core_Word_Encoding (0:00:02 elapsed time, 0:00:03 cpu time)
Building LCTR_Core_Localization_Bundle ...
Finished LCTR_Factorization_Alignment (0:00:02 elapsed time)
Building LCTR_Core_Joint_Descent ...
Finished LCTR_Core_Localization_Bundle (0:00:03 elapsed time, 0:00:05 cpu time, factor 1.49)
Building LCTR_Core_Native_Joint_Jets ...
Finished LCTR_Core_Joint_Descent (0:00:03 elapsed time, 0:00:07 cpu time, factor 2.15)
Building LCTR_Generic_Value_Jet_Lifts ...
Finished LCTR_Generic_Value_Jet_Lifts (0:00:05 elapsed time, 0:00:08 cpu time, factor 1.63)
Building LCTR_Core_Chart_Overlaps ...
Finished LCTR_Core_Native_Joint_Jets (0:00:05 elapsed time, 0:00:09 cpu time, factor 1.65)
Running LCTR_Core_Law_State ...
Finished LCTR_Core_Law_State (0:00:02 elapsed time)
Building LCTR_Core_Refinement_Forest ...
Finished LCTR_Core_Chart_Overlaps (0:00:05 elapsed time, 0:00:08 cpu time, factor 1.68)
Building LCTR_Heterogeneous_Presentation_Arrows ...
Finished LCTR_Core_Refinement_Forest (0:00:03 elapsed time, 0:00:05 cpu time, factor 1.63)
Running LCTR_Core_Native_Law_Generation ...
Finished LCTR_Heterogeneous_Presentation_Arrows (0:00:02 elapsed time, 0:00:03 cpu time)
Building LCTR_Core_Law_Datum_Assembly ...
Finished LCTR_Core_Native_Law_Generation (0:00:01 elapsed time)
Running LCTR_Core_Partial_Sequences ...
Finished LCTR_Core_Partial_Sequences (0:00:01 elapsed time)
Running LCTR_Native_Flatten_Final ...
Finished LCTR_Core_Law_Datum_Assembly (0:00:02 elapsed time, 0:00:03 cpu time)
Building LCTR_Core_Indexed_Native_Deletion ...
Finished LCTR_Native_Flatten_Final (0:00:02 elapsed time)
Running LCTR_Core_Audit_State_Transport ...
Finished LCTR_Core_Indexed_Native_Deletion (0:00:02 elapsed time, 0:00:04 cpu time)
Building LCTR_Heterogeneous_Canonical_Refinement ...
Finished LCTR_Core_Audit_State_Transport (0:00:01 elapsed time)
Running LCTR_Core_Record_Burden ...
Finished LCTR_Heterogeneous_Canonical_Refinement (0:00:02 elapsed time, 0:00:03 cpu time)
Finished LCTR_Core_Record_Burden (0:00:01 elapsed time)
Building LCTR_Core_Law_Component_Charts ...
Building LCTR_Generic_Value_Change ...
Finished LCTR_Core_Law_Component_Charts (0:00:02 elapsed time, 0:00:03 cpu time)
Running LCTR_Core_Token_Graph_Alignment ...
Finished LCTR_Core_Token_Graph_Alignment (0:00:02 elapsed time)
Building LCTR_Region_Law_Gluing_Isabelle ...
Finished LCTR_Generic_Value_Change (0:00:05 elapsed time, 0:00:08 cpu time, factor 1.60)
Building LCTR_Core_Law_Transport_Identity ...
Finished LCTR_Region_Law_Gluing_Isabelle (0:00:02 elapsed time, 0:00:05 cpu time)
Building LCTR_Core_Local_Loop_Realization ...
Finished LCTR_Core_Law_Transport_Identity (0:00:02 elapsed time, 0:00:04 cpu time)
Building LCTR_Presentation_Quotient_Universe ...
Finished LCTR_Core_Local_Loop_Realization (0:00:02 elapsed time, 0:00:03 cpu time)
Running LCTR_Native_Law_Jet_Alignment ...
Finished LCTR_Presentation_Quotient_Universe (0:00:02 elapsed time, 0:00:03 cpu time)
Running LCTR_Core_Frequency_Windows ...
Finished LCTR_Core_Frequency_Windows (0:00:01 elapsed time)
Running LCTR_Core_Law_Datum_Transport ...
Finished LCTR_Native_Law_Jet_Alignment (0:00:02 elapsed time)
Running LCTR_Core_Engineering_Evidence ...
Finished LCTR_Core_Law_Datum_Transport (0:00:01 elapsed time)
Running LCTR_Core_External_Time_Uses ...
Finished LCTR_Core_Engineering_Evidence (0:00:01 elapsed time)
Running LCTR_Core_Stage_Boundaries ...
Finished LCTR_Core_External_Time_Uses (0:00:01 elapsed time)
Running LCTR_Core_Dynamics_Stage_Interface ...
Finished LCTR_Core_Stage_Boundaries (0:00:01 elapsed time)
Running LCTR_Core_Transported_Law_Charts ...
Finished LCTR_Core_Dynamics_Stage_Interface (0:00:01 elapsed time)
Building LCTR_Core_Native_Differential_Predicates ...
Finished LCTR_Core_Transported_Law_Charts (0:00:01 elapsed time)
Running LCTR_Core_Selected_Generated_Law ...
Finished LCTR_Core_Selected_Generated_Law (0:00:01 elapsed time)
Running LCTR_Core_Structural_Burden ...
Finished LCTR_Core_Structural_Burden (0:00:01 elapsed time)
Running LCTR_Core_Native_Time_Conditions ...
Finished LCTR_Core_Native_Differential_Predicates (0:00:04 elapsed time, 0:00:07 cpu time, factor 1.65)
Running LCTR_Generic_Differential_Covariance ...
Finished LCTR_Core_Native_Time_Conditions (0:00:01 elapsed time)
Running LCTR_Core_Indexed_Deletion ...
Finished LCTR_Generic_Differential_Covariance (0:00:01 elapsed time)
Finished LCTR_Core_Indexed_Deletion (0:00:01 elapsed time)
Running LCTR_Core_Source_Recovery ...
Building LCTR_Heterogeneous_Presentation_Isomorphisms ...
Finished LCTR_Core_Source_Recovery (0:00:01 elapsed time)
Running LCTR_Core_Raw_Localization_Interfaces ...
Finished LCTR_Heterogeneous_Presentation_Isomorphisms (0:00:02 elapsed time, 0:00:03 cpu time)
Building LCTR_Core_Observable_Interfaces ...
Finished LCTR_Core_Raw_Localization_Interfaces (0:00:01 elapsed time)
Running LCTR_Core_Finite_Mixed_Reduction ...
Finished LCTR_Core_Finite_Mixed_Reduction (0:00:01 elapsed time)
Running LCTR_Core_Local_Loop_Bridge ...
Finished LCTR_Core_Observable_Interfaces (0:00:02 elapsed time, 0:00:03 cpu time)
Running LCTR_Generic_Value_Jet_Alignment ...
Finished LCTR_Core_Local_Loop_Bridge (0:00:01 elapsed time)
Building LCTR_Order_Embedding_Isabelle ...
Finished LCTR_Generic_Value_Jet_Alignment (0:00:01 elapsed time)
Running LCTR_Core_Finite_Jets_Vector ...
Finished LCTR_Order_Embedding_Isabelle (0:00:02 elapsed time, 0:00:03 cpu time)
Running LCTR_Core_Relative_State_Profile ...
Finished LCTR_Core_Finite_Jets_Vector (0:00:01 elapsed time)
Running LCTR_Chapter02_Role_Alignment ...
Finished LCTR_Core_Relative_State_Profile (0:00:01 elapsed time)
Running LCTR_Core_Representation_Failure ...
Finished LCTR_Chapter02_Role_Alignment (0:00:01 elapsed time)
Running LCTR_Core_Differential_Execution ...
Finished LCTR_Core_Representation_Failure (0:00:01 elapsed time)
Running LCTR_Core_Raw_Comparison_Entry ...
Finished LCTR_Core_Differential_Execution (0:00:01 elapsed time)
Building LCTR_Core_Native_Specification ...
Finished LCTR_Core_Raw_Comparison_Entry (0:00:01 elapsed time)
Running LCTR_Core_Scale_Transport ...
Finished LCTR_Core_Scale_Transport (0:00:00 elapsed time)
Running LCTR_Core_Affine_Frequency ...
Finished LCTR_Core_Native_Specification (0:00:02 elapsed time)
Running LCTR_Core_Approximate_Boundary ...
Finished LCTR_Core_Affine_Frequency (0:00:00 elapsed time)
Running LCTR_Core_Refinement_Paths ...
Finished LCTR_Core_Approximate_Boundary (0:00:01 elapsed time)
Running LCTR_Core_Dynamics_Recovery_Data ...
Finished LCTR_Core_Refinement_Paths (0:00:00 elapsed time)
Running LCTR_Core_Reception_Input ...
Finished LCTR_Core_Dynamics_Recovery_Data (0:00:00 elapsed time)
Running LCTR_Core_Local_Loop_Specification ...
Finished LCTR_Core_Reception_Input (0:00:01 elapsed time)
Running LCTR_Core_Pure_Word_Displays ...
Finished LCTR_Core_Local_Loop_Specification (0:00:00 elapsed time)
Running LCTR_Dynamics_Refinement_Complete_Alignment ...
Finished LCTR_Core_Pure_Word_Displays (0:00:01 elapsed time)
Running LCTR_Core_Joint_Descent_Alignment ...
Finished LCTR_Dynamics_Refinement_Complete_Alignment (0:00:01 elapsed time)
Running LCTR_Core_Law_Readiness ...
Finished LCTR_Core_Joint_Descent_Alignment (0:00:00 elapsed time)
Building LCTR_Core_Tagged_Lifts ...
Finished LCTR_Core_Law_Readiness (0:00:01 elapsed time)
Building LCTR_Core_Affine_Realization ...
Finished LCTR_Core_Tagged_Lifts (0:00:01 elapsed time)
Running LCTR_Core_Continuum_Source_Bridge ...
Finished LCTR_Core_Affine_Realization (0:00:02 elapsed time)
Running LCTR_Region_Law_Alignment ...
Finished LCTR_Core_Continuum_Source_Bridge (0:00:01 elapsed time)
Running LCTR_Core_Local_Jet_Membership_Bridge ...
Finished LCTR_Region_Law_Alignment (0:00:00 elapsed time)
Running LCTR_Core_Native_Charts ...
Finished LCTR_Core_Native_Charts (0:00:01 elapsed time)
Finished LCTR_Core_Local_Jet_Membership_Bridge (0:00:01 elapsed time)
Running LCTR_Core_Local_Charts ...
Running LCTR_Core_Cycle_Count_Input ...
Finished LCTR_Core_Local_Charts (0:00:00 elapsed time)
Finished LCTR_Core_Cycle_Count_Input (0:00:00 elapsed time)
Running LCTR_Generic_Native_Overlap_Alignment ...
Running LCTR_Core_Raw_Canonical_Observables ...
Finished LCTR_Core_Raw_Canonical_Observables (0:00:00 elapsed time)
Running LCTR_Core_Quotient_Interface ...
Finished LCTR_Generic_Native_Overlap_Alignment (0:00:01 elapsed time)
Running LCTR_Core_Series_Validity ...
Finished LCTR_Core_Quotient_Interface (0:00:00 elapsed time)
Finished LCTR_Core_Series_Validity (0:00:00 elapsed time)
Running LCTR_Core_Remaining_Sets ...
Running LCTR_Core_Countable_Chart_Boundary ...
Finished LCTR_Core_Remaining_Sets (0:00:00 elapsed time)
Running LCTR_Core_Record_Codes_Aligned ...
Finished LCTR_Core_Countable_Chart_Boundary (0:00:01 elapsed time)
Running LCTR_Order_Embedding_Alignment ...
Finished LCTR_Core_Record_Codes_Aligned (0:00:00 elapsed time)
Running LCTR_Core_Native_State_Bridge ...
Finished LCTR_Order_Embedding_Alignment (0:00:00 elapsed time)
Running LCTR_Core_Continuum_Integration_Alignment ...
Finished LCTR_Core_Native_State_Bridge (0:00:00 elapsed time)
Finished LCTR_Core_Continuum_Integration_Alignment (0:00:00 elapsed time)
Running LCTR_Core_Joint_Real_Image ...
Running LCTR_Refinement_Ambiguity_Controls ...
Finished LCTR_Refinement_Ambiguity_Controls (0:00:00 elapsed time)
Finished LCTR_Core_Joint_Real_Image (0:00:00 elapsed time)
Running LCTR_Core_Burden_Comparison ...
Running LCTR_Core_Comparison_Interfaces ...
Finished LCTR_Core_Burden_Comparison (0:00:00 elapsed time)
Running LCTR_Core_Continuum_Boundary_Alignment ...
Finished LCTR_Core_Comparison_Interfaces (0:00:00 elapsed time)
Running LCTR_Core_Finite_Report_Components ...
Finished LCTR_Core_Continuum_Boundary_Alignment (0:00:00 elapsed time)
Running LCTR_Core_Strict_Partial_Order ...
Finished LCTR_Core_Finite_Report_Components (0:00:00 elapsed time)
Running LCTR_Core_Continuum_Topology_Alignment ...
Finished LCTR_Core_Strict_Partial_Order (0:00:00 elapsed time)
Running LCTR_Core_Generated_Law_Identity ...
Finished LCTR_Core_Continuum_Topology_Alignment (0:00:00 elapsed time)
Running LCTR_Core_Comparison_Definition_Interfaces ...
Finished LCTR_Core_Generated_Law_Identity (0:00:00 elapsed time)
Finished LCTR_Core_Comparison_Definition_Interfaces (0:00:00 elapsed time)
Running LCTR_Core_Trajectory_Descent_Alignment ...
Running LCTR_Tagged_Lifts_Alignment ...
Finished LCTR_Tagged_Lifts_Alignment (0:00:00 elapsed time)
Finished LCTR_Core_Trajectory_Descent_Alignment (0:00:00 elapsed time)
Running LCTR_Core_Evaluation_Alignment ...
Running LCTR_Core_Representation_Predicate_Bridge ...
Finished LCTR_Core_Evaluation_Alignment (0:00:00 elapsed time)
Finished LCTR_Core_Representation_Predicate_Bridge (0:00:00 elapsed time)
Running LCTR_Core_Finite_Class_Witness ...
Running LCTR_Core_Least_Scale_Lift ...
Finished LCTR_Core_Finite_Class_Witness (0:00:00 elapsed time)
Finished LCTR_Core_Least_Scale_Lift (0:00:00 elapsed time)
Running LCTR_Core_Finite_Tuple_Data ...
Running LCTR_Core_Joint_Time_Seed ...
Finished LCTR_Core_Finite_Tuple_Data (0:00:00 elapsed time)
Running LCTR_Core_Relative_Initial ...
Finished LCTR_Core_Joint_Time_Seed (0:00:00 elapsed time)
Running LCTR_Core_Validity_Maximum ...
Finished LCTR_Core_Relative_Initial (0:00:00 elapsed time)
Running LCTR_Core_Continuum_Encoding_Alignment ...
Finished LCTR_Core_Validity_Maximum (0:00:00 elapsed time)
Running LCTR_Core_Rank_Reachability ...
Finished LCTR_Core_Continuum_Encoding_Alignment (0:00:00 elapsed time)
Running LCTR_Core_Relative_Class_Witness ...
Finished LCTR_Core_Rank_Reachability (0:00:00 elapsed time)
Running LCTR_Core_Partial_Map_Bridge ...
Finished LCTR_Core_Relative_Class_Witness (0:00:00 elapsed time)
Running LCTR_Law_Datum_Final_Alignment ...
Finished LCTR_Core_Partial_Map_Bridge (0:00:00 elapsed time)
Running LCTR_Core_Comparison_Alignment ...
Finished LCTR_Law_Datum_Final_Alignment (0:00:00 elapsed time)
Running LCTR_Core_Representation_Alignment ...
Finished LCTR_Core_Comparison_Alignment (0:00:00 elapsed time)
Running LCTR_Core_Scope_Input_Interfaces ...
Finished LCTR_Core_Representation_Alignment (0:00:00 elapsed time)
Running LCTR_Nested_Quotient_Order_Alignment ...
Finished LCTR_Core_Scope_Input_Interfaces (0:00:00 elapsed time)
Running LCTR_Core_Affine_Order_Bridge ...
Finished LCTR_Nested_Quotient_Order_Alignment (0:00:00 elapsed time)
Finished LCTR_Core_Affine_Order_Bridge (0:00:00 elapsed time)
0:07:12 elapsed time, 0:21:37 cpu time, factor 3.00
