{"id": "graph/edge_rank", "expected": "unsat", "accepted": true, "input_sha256": "b6e39c84934414c615b7bd7b65367e60042e511af5247d94013ded58788104f2", "elapsed_s": 0.28, "proof_sha256": "cf200d4fdb46ba0d557825a990aa1b25718492a2f67945df29e35c0504c87d78", "rules_sha256": "94a80103a8fde4020feb5949f60dd48d5dc510658911eaa8cac8f477be12a641"}
{"id": "graph/scalar_lex_equivalence", "expected": "unsat", "accepted": true, "input_sha256": "4ba3d416d138a6699f66794de94c2fbcd93192ca3c411f2981aea1158a212dbd", "elapsed_s": 0.258, "proof_sha256": "1c21bdd48fd36b7757bc11c89d666c9f4b06f41889a18f1042d2b812db61bc7b", "rules_sha256": "01896a8b351ab2e15045bc1b74eee1daa9fa27202cd1d123154cda6b2e4d5427"}
{"id": "graph/edge_series_allowed", "expected": "unsat", "accepted": true, "input_sha256": "5a2b70d682981a798ea2ed257a6fb64579177f50ae80f9908dc3e143f6d8d7d8", "elapsed_s": 0.063, "proof_sha256": "86197478f4bb44100a3365e6edad92a453cbec9bfc0927c8d8165b00cbbf3ffb", "rules_sha256": "5c44d2de102590bd6f16bac0fc59efef37e9536c524eedfb40041bb19652ead2"}
{"id": "graph/allowed_transitive", "expected": "unsat", "accepted": true, "input_sha256": "304a42353eb22c2485d57ef67c8d772dc4b9158557998d189d0160cd2b4aed10", "elapsed_s": 0.044, "proof_sha256": "4d0fe85a5fe3c93edb509ee47d17e58f3d5beb3a0887e2c53a2b6685ee4f9251", "rules_sha256": "e1b1a50bc411cfd5147fd720b8f7d3a368dcac9f39c893b5f949b85fc7e88d3b"}
{"id": "graph/approx_vs_law_diff", "expected": "unsat", "accepted": true, "input_sha256": "1f138143af806f5d6b7b2ec74e57ef5771d781636bd187ad79ae8ffbaeb11a1a", "elapsed_s": 0.034, "proof_sha256": "3855c327891351e0865779de63e1cb843384d8c06529e5dff7e2e8c4c6720b5b", "rules_sha256": "e1b1a50bc411cfd5147fd720b8f7d3a368dcac9f39c893b5f949b85fc7e88d3b"}
{"id": "evaluation/failed_iff", "expected": "unsat", "accepted": true, "input_sha256": "5783936fcebfa7b3818322b99c1c5e11353cf6221a884a871ec03c2351d5aca8", "elapsed_s": 0.045, "proof_sha256": "03d3126c2dd679eb7eb56720191e7ff93c4119b7973c2c4d00740be2705cd776", "rules_sha256": "94635f4858b62975f0f7c91ccd7e428ca403d215317e4d38715a385b7b2b228e"}
{"id": "evaluation/sat_iff", "expected": "unsat", "accepted": true, "input_sha256": "d34e8cf9ee9bae5f9b65ddc8d981f89f44ca39f33769b8a170ab7249c399e724", "elapsed_s": 0.042, "proof_sha256": "5f528083aba195802ca5969a30ee4579d55268c6b7c5f3584eb54291dd0da87b", "rules_sha256": "94635f4858b62975f0f7c91ccd7e428ca403d215317e4d38715a385b7b2b228e"}
{"id": "evaluation/missing_formation", "expected": "unsat", "accepted": true, "input_sha256": "14d5af630bbd02c7f488b15d1ee1a13c68f073f633b2ceed9834d888a91a8b49", "elapsed_s": 0.031, "proof_sha256": "af3a1933494917555e6268accd8210acada4361898e38d433b0616f3e152bfae", "rules_sha256": "a9155633006dc38d65dba7fe0509380394ea966b22a23141589398b6367b97a1"}
{"id": "evaluation/upstream_nonsat", "expected": "unsat", "accepted": true, "input_sha256": "3b5296fb0d24b960eced4d5215051165625cb2753daa2a5c86c874bc1ed85adb", "elapsed_s": 0.03, "proof_sha256": "c10bcba5459d8679bfb953f20a2197a248bfffd45df306025d7ecb52b2ce3773", "rules_sha256": "a9155633006dc38d65dba7fe0509380394ea966b22a23141589398b6367b97a1"}
{"id": "evaluation/unevaluable_iff", "expected": "unsat", "accepted": true, "input_sha256": "80fd6085cc5cb304186576f2dc908005f409efedb7ceefac1fce8b73721a8b59", "elapsed_s": 0.043, "proof_sha256": "3e1f928d209de04515e37fffd9ac2c8ab8059e17f347a14996dfdf6f0dcc7030", "rules_sha256": "fa551dbb7777e9672b1bc345dc1777436474667f372aa145d942d6b2679f9807"}
{"id": "evaluation/unformed_iff", "expected": "unsat", "accepted": true, "input_sha256": "7e360772bbad8d3925a4e579612f209a52d80c7bfede438b90833ea145da5a57", "elapsed_s": 0.04, "proof_sha256": "69e0b958d33f7fbf2670ed26cc04cb1439455d4181bb34d3b313dcd3d96bdd19", "rules_sha256": "ca7603f952aea49622cc5327932d8b6e37f847ff61e3af55698a8c24a67f9444"}
{"id": "evaluation/negative_ignore_predecessor", "expected": "sat", "accepted": true, "input_sha256": "51aca211389df40ea7de17498d652a917b0a7d931d9b6aa28a35c14e64fa269b", "elapsed_s": 0.023}
{"id": "evaluation/negative_evaluation_before_formation", "expected": "sat", "accepted": true, "input_sha256": "44731052f298fa9bf90b9984ec795c9037af80cef8868ff552dd1f04a7396ef2", "elapsed_s": 0.022}
{"id": "margin/margin_nonneg", "expected": "unsat", "accepted": true, "input_sha256": "b9f52ac1ead65147d7ec5851d2faeaf66467edc91c9d432bbf4583be7e7ef0bc", "elapsed_s": 0.02, "proof_sha256": "3f59ed7646352a5fb8cea78a4c6f7eea2fa13ed42655252d2a36c1e495b750fc", "rules_sha256": "4c4d90949f44d911f461e21fcc82a74a08eb43ba64e33b8997cf01c7c8d26b3f"}
{"id": "margin/margin_zero", "expected": "unsat", "accepted": true, "input_sha256": "6a9dcccefc7947227a9f7b7e9a4592668099877c4ec41f44966dd54c7bf7acff", "elapsed_s": 0.02, "proof_sha256": "e5746b3af909336f425bd20c9c7f0a5e505e1ffc0f644748c11f25457a70e3dc", "rules_sha256": "46cbf6830cac05dd76c0766cf3315d764fba39e448e76b63e622ff266a73be7f"}
{"id": "margin/margin_positive", "expected": "unsat", "accepted": true, "input_sha256": "421e933f8e4f617844d551f5f3e7ffadfd91928be10541e9dd2ade3c49eca5f5", "elapsed_s": 0.02, "proof_sha256": "f3a982cfc01e3df0dc6c7c4d056f2af2b69619dfb6ce18f928f2e69c7884954c", "rules_sha256": "735fc3f52e10b40a440a481c60ff2dc83bbe9344c2177f3ab3bdb42f7d1be21a"}
{"id": "margin/excess_zero", "expected": "unsat", "accepted": true, "input_sha256": "85279494788766a30ee723751950c711861ece59d3dc6a80729114e0861d6890", "elapsed_s": 0.027, "proof_sha256": "53a0a9b23a7ef46359f3fc6c1ae0db57748fabd7d467ea5b2c07b71e8294ee8e", "rules_sha256": "403d63f4f551cc3c116e852e40fd3fb89b710c5e715ee2c0a79f797097b112dd"}
{"id": "margin/excess_positive", "expected": "unsat", "accepted": true, "input_sha256": "e5781265a34902179b4f10ccef9a3bfd5a1c2351c77929c52af1a0727623aa44", "elapsed_s": 0.025, "proof_sha256": "2e8b5fca0865fceae14a89c4f302b9d5bbbe12965b676f098e1b36e6296ac2b4", "rules_sha256": "07fe7299d2feff4fe384449ee9962221d1ca4a3d818b918f1ca467f52d50679a"}
{"id": "margin/boolean_midpoint", "expected": "unsat", "accepted": true, "input_sha256": "9ad469d37bfe4bb9ca34f76126a5783a9bf3c58fe6a3a166235c562a305a9edd", "elapsed_s": 0.023, "proof_sha256": "318a1c0d4f5cf9ac34c08ef7c01c636ad74cca72e7305ddc1e95375459904c92", "rules_sha256": "5dd14215b0391119e9a2aed81f88963fd2f43fa0171dd9c59d3b249446222980"}
{"id": "margin/boolean_margin", "expected": "unsat", "accepted": true, "input_sha256": "762c288f61b32012a4fabbbea9812f138120b5596282a72edeb92d9364b1aab5", "elapsed_s": 0.028, "proof_sha256": "70fd53bf835aaa18d5c695c9c3174e6b657abf0aa2bd27e3b5b7b33a18f97d7e", "rules_sha256": "84c8ff1d928b2bcbc23dccfb7af108f88e772188349b11167e9549c1c19ec529"}
{"id": "margin/negative_reverse_margin", "expected": "sat", "accepted": true, "input_sha256": "c38f2bed2c356f02be760ad0f43987003b809a18500896a95b0a29efbdc1af60", "elapsed_s": 0.01}
{"id": "margin/negative_zero_threshold_robust", "expected": "sat", "accepted": true, "input_sha256": "30a22159f2cd4fb0995244a3afcb731a916cb4f1ffe99205d3c552b7ef8471ac", "elapsed_s": 0.01}
{"id": "margin/negative_unit_threshold", "expected": "sat", "accepted": true, "input_sha256": "87af3f1aa2cc66ca123dd83b870db773f47fc2db27c3a051c4517480736eb205", "elapsed_s": 0.009}
{"id": "frequency_period_hz_cas/maxima", "expected": "all_declared_checks_pass", "accepted": true, "input_sha256": "f5d4c3ff6c13c92d75a47986edac720c5a63b1120fb712f8561d2863e523f832", "elapsed_s": 0.442, "subchecks": 9, "version": "5.50.0"}
{"id": "frequency_period_hz_cas/sympy", "expected": "all_declared_checks_pass", "accepted": true, "input_sha256": "840f218e1927ecf64774446c02e295cf57bc4d3c1d9c7e8e017dd9b9210e08a5", "elapsed_s": 0.272, "subchecks": 9, "version": "1.14.0"}
{"id": "finite_jet_polynomial_cas/maxima", "expected": "all_declared_checks_pass", "accepted": true, "input_sha256": "f58e576758040eca2a17c4952e24ebe5b36f25e2896f54f62037074f9ae842cb", "elapsed_s": 0.391, "subchecks": 66, "version": "5.50.0"}
{"id": "finite_jet_polynomial_cas/sympy", "expected": "all_declared_checks_pass", "accepted": true, "input_sha256": "df09b18b4e101308ed7312f471d02d333d4c42d372929a9139f4e916add2fa1f", "elapsed_s": 0.21, "subchecks": 66, "version": "1.14.0"}
{"id": "frequency_coordinate_units/astropy", "expected": "all_declared_checks_pass", "accepted": true, "input_sha256": "4c48109fab406738f3524b75f0cef6606fd213303f5211ff317b9d2561be6d44", "elapsed_s": 0.223, "subchecks": 12, "version": "8.0.1"}
{"id": "frequency_coordinate_units/pint", "expected": "all_declared_checks_pass", "accepted": true, "input_sha256": "3b64c05d4943d7c5c93c0051656c04fb9254569c0021144c45ba28d7a0639447", "elapsed_s": 0.192, "subchecks": 12, "version": "0.25.3"}
{"id": "mmt/bare_input_domain", "expected": "type_error", "accepted": true, "input_sha256": "b1efb9add010ae4c6e9a892493771057cb5040cde9a8e3106dbf7ab9dc9f9833", "elapsed_s": 3.39, "type_diagnostics": 1}
{"id": "mmt/bypass_evaluation_domain", "expected": "type_error", "accepted": true, "input_sha256": "ebc466b8896bc58fff42edb04fd3e04c2c479169397beb0cd450149416e2f7cb", "elapsed_s": 3.327, "type_diagnostics": 1}
{"id": "mmt/positive", "expected": "accepted", "accepted": true, "input_sha256": "2ae40f4442ca62f85b7caa58b590002991fe45f4a541d3e4131cfe0fb611a8bd", "elapsed_s": 3.362, "type_diagnostics": 0}
{"id": "mmt/whole_eval_domain", "expected": "type_error", "accepted": true, "input_sha256": "1e8b4d9e146bfc8919752c0f98571d766a7e0e74d52751ef975ac147ee9fcdcb", "elapsed_s": 3.345, "type_diagnostics": 3}
{"id": "mmt/wrong_datum_index", "expected": "type_error", "accepted": true, "input_sha256": "daa1c2e221cc6618968791ef8ab1b3617bcede5df1c3ff3ffa42e7f7f6040f49", "elapsed_s": 3.334, "type_diagnostics": 1}
{"id": "mmt/wrong_output_index", "expected": "type_error", "accepted": true, "input_sha256": "11b26e26e70f7b7fc12fca731bdd0227a07d8091bf36a72081341ffbf1b9cbf6", "elapsed_s": 3.342, "type_diagnostics": 1}
