Building LCTR_Core_Judgment_Boundary ...
Building LCTR_Core_Continuum_Failure ...
Finished LCTR_Core_Continuum_Failure (0:00:15 elapsed time, 0:00:21 cpu time, factor 1.37)
Building LCTR_Native_Selected_Differential_Alignment ...
Finished LCTR_Native_Selected_Differential_Alignment (0:00:18 elapsed time, 0:00:29 cpu time, factor 1.57)
Building LCTR_Native_Differential_Synthesis_Alignment ...
Finished LCTR_Core_Judgment_Boundary (0:00:43 elapsed time, 0:00:56 cpu time, factor 1.29)
Building LCTR_Core_Nonmonotone_Boundary_Data ...
Finished LCTR_Native_Differential_Synthesis_Alignment (0:00:18 elapsed time, 0:00:29 cpu time, factor 1.58)
Building LCTR_Core_Countable_Chart_Boundary ...
Finished LCTR_Core_Countable_Chart_Boundary (0:00:05 elapsed time, 0:00:06 cpu time, factor 1.14)
Running LCTR_Metadata_01_031 ...
Finished LCTR_Core_Nonmonotone_Boundary_Data (0:00:21 elapsed time, 0:00:36 cpu time, factor 1.66)
Building LCTR_Core_Dynamics_Execution ...
Finished LCTR_Core_Dynamics_Execution (0:00:07 elapsed time, 0:00:07 cpu time, factor 1.07)
Building LCTR_Core_Representation_Failure_Stages ...
Finished LCTR_Metadata_01_031 (0:00:14 elapsed time, 0:00:13 cpu time, factor 0.99)
Building LCTR_Native_Family_Alignment ...
Finished LCTR_Core_Representation_Failure_Stages (0:00:09 elapsed time, 0:00:11 cpu time, factor 1.14)
Running LCTR_Metadata_01_024 ...
Finished LCTR_Native_Family_Alignment (0:00:11 elapsed time, 0:00:14 cpu time, factor 1.31)
Building LCTR_Core_Configuration_Order ...
Finished LCTR_Metadata_01_024 (0:00:10 elapsed time, 0:00:10 cpu time, factor 0.98)
Building LCTR_Core_Configuration_Observer_Time ...
Finished LCTR_Core_Configuration_Order (0:00:10 elapsed time, 0:00:14 cpu time, factor 1.47)
Building LCTR_Native_Flatten_Final ...
Finished LCTR_Core_Configuration_Observer_Time (0:00:09 elapsed time, 0:00:14 cpu time, factor 1.49)
Finished LCTR_Native_Flatten_Final (0:00:06 elapsed time, 0:00:07 cpu time, factor 1.22)
Building LCTR_Native_Law_Jet_Alignment ...
Running LCTR_Metadata_01_165 ...
Finished LCTR_Native_Law_Jet_Alignment (0:00:05 elapsed time, 0:00:06 cpu time, factor 1.20)
Running LCTR_Metadata_01_041 ...
Finished LCTR_Metadata_01_165 (0:00:09 elapsed time, 0:00:08 cpu time, factor 0.98)
Building LCTR_Core_Native_Time_Conditions ...
Finished LCTR_Metadata_01_041 (0:00:08 elapsed time, 0:00:08 cpu time, factor 0.98)
Building LCTR_Core_Three_Layer_Synthesis ...
Finished LCTR_Core_Native_Time_Conditions (0:00:05 elapsed time, 0:00:06 cpu time, factor 1.19)
Building LCTR_Core_Finite_Jets_Vector ...
Finished LCTR_Core_Finite_Jets_Vector (0:00:05 elapsed time, 0:00:06 cpu time, factor 1.15)
Building LCTR_Core_Finite_Partitions_Alignment ...
Finished LCTR_Core_Three_Layer_Synthesis (0:00:08 elapsed time, 0:00:12 cpu time, factor 1.45)
Building LCTR_Generic_Differential_Covariance ...
Finished LCTR_Generic_Differential_Covariance (0:00:05 elapsed time, 0:00:06 cpu time, factor 1.16)
Building LCTR_Generic_Value_Jet_Alignment ...
Finished LCTR_Core_Finite_Partitions_Alignment (0:00:08 elapsed time, 0:00:08 cpu time, factor 1.01)
Running LCTR_Metadata_01_169 ...
Finished LCTR_Generic_Value_Jet_Alignment (0:00:05 elapsed time, 0:00:06 cpu time, factor 1.18)
Running LCTR_Metadata_01_168 ...
Finished LCTR_Metadata_01_169 (0:00:08 elapsed time, 0:00:08 cpu time, factor 0.97)
Running LCTR_Metadata_01_150 ...
Finished LCTR_Metadata_01_168 (0:00:08 elapsed time, 0:00:08 cpu time, factor 0.98)
Running LCTR_Metadata_01_106 ...
Finished LCTR_Metadata_01_150 (0:00:08 elapsed time, 0:00:07 cpu time, factor 0.97)
Running LCTR_Metadata_01_167 ...
Finished LCTR_Metadata_01_106 (0:00:07 elapsed time, 0:00:07 cpu time, factor 0.98)
Running LCTR_Metadata_01_057 ...
Finished LCTR_Metadata_01_167 (0:00:08 elapsed time, 0:00:08 cpu time, factor 0.99)
Building LCTR_Core_Law_Refinement ...
Finished LCTR_Metadata_01_057 (0:00:07 elapsed time, 0:00:07 cpu time, factor 0.99)
Building LCTR_Core_Pair_Input_Bridge ...
Finished LCTR_Core_Law_Refinement (0:00:09 elapsed time, 0:00:10 cpu time, factor 1.13)
Building LCTR_Generic_Native_Overlap_Alignment ...
Finished LCTR_Generic_Native_Overlap_Alignment (0:00:05 elapsed time, 0:00:06 cpu time, factor 1.14)
Building LCTR_Core_Differential_Refinement ...
Finished LCTR_Core_Pair_Input_Bridge (0:00:12 elapsed time, 0:00:21 cpu time, factor 1.66)
Running LCTR_Metadata_01_162 ...
Finished LCTR_Core_Differential_Refinement (0:00:08 elapsed time, 0:00:09 cpu time, factor 1.12)
Finished LCTR_Metadata_01_162 (0:00:08 elapsed time, 0:00:08 cpu time, factor 0.98)
Running LCTR_Metadata_01_160 ...
Running LCTR_Metadata_01_161 ...
Finished LCTR_Metadata_01_160 (0:00:08 elapsed time, 0:00:07 cpu time, factor 0.98)
Building LCTR_Core_Continuum_Native_Cells ...
Finished LCTR_Metadata_01_161 (0:00:07 elapsed time, 0:00:07 cpu time, factor 0.99)
Running LCTR_Metadata_01_164 ...
Finished LCTR_Metadata_01_164 (0:00:08 elapsed time, 0:00:08 cpu time, factor 0.98)
Finished LCTR_Core_Continuum_Native_Cells (0:00:08 elapsed time, 0:00:12 cpu time, factor 1.34)
Building LCTR_Core_Continuum_Topology_Alignment ...
Building LCTR_Core_Joint_Condition_Routes ...
Finished LCTR_Core_Continuum_Topology_Alignment (0:00:02 elapsed time, 0:00:03 cpu time)
Building LCTR_Core_Dynamics_Stage_Interface ...
Finished LCTR_Core_Dynamics_Stage_Interface (0:00:03 elapsed time, 0:00:03 cpu time, factor 1.05)
Running LCTR_Metadata_01_030 ...
Finished LCTR_Core_Joint_Condition_Routes (0:00:10 elapsed time, 0:00:15 cpu time, factor 1.50)
Building LCTR_Core_Token_Graph_Alignment ...
Finished LCTR_Core_Token_Graph_Alignment (0:00:03 elapsed time, 0:00:03 cpu time, factor 1.06)
Building LCTR_Core_Differential_Execution ...
Finished LCTR_Metadata_01_030 (0:00:07 elapsed time, 0:00:07 cpu time, factor 0.97)
Building LCTR_Core_Detector_Source_Bridge ...
Finished LCTR_Core_Differential_Execution (0:00:02 elapsed time)
Running LCTR_Metadata_01_096 ...
Finished LCTR_Core_Detector_Source_Bridge (0:00:08 elapsed time, 0:00:09 cpu time, factor 1.21)
Building LCTR_Core_Law_Differential_Bundle ...
Finished LCTR_Metadata_01_096 (0:00:07 elapsed time, 0:00:07 cpu time, factor 0.96)
Running LCTR_Metadata_01_045 ...
Finished LCTR_Core_Law_Differential_Bundle (0:00:06 elapsed time, 0:00:08 cpu time, factor 1.30)
Running LCTR_Metadata_01_034 ...
Finished LCTR_Metadata_01_045 (0:00:06 elapsed time, 0:00:06 cpu time, factor 0.96)
Running LCTR_Metadata_01_095 ...
Finished LCTR_Metadata_01_034 (0:00:06 elapsed time, 0:00:06 cpu time, factor 0.96)
Building LCTR_Core_Approximate_Boundary ...
Finished LCTR_Metadata_01_095 (0:00:06 elapsed time, 0:00:06 cpu time, factor 0.96)
Building LCTR_Core_Continuum_Integration_Alignment ...
Finished LCTR_Core_Approximate_Boundary (0:00:02 elapsed time)
Running LCTR_Metadata_01_062 ...
Finished LCTR_Core_Continuum_Integration_Alignment (0:00:02 elapsed time)
Running LCTR_Metadata_01_026 ...
Finished LCTR_Metadata_01_062 (0:00:06 elapsed time, 0:00:06 cpu time, factor 0.97)
Running LCTR_Metadata_01_005 ...
Finished LCTR_Metadata_01_026 (0:00:06 elapsed time, 0:00:05 cpu time, factor 0.97)
Building LCTR_Core_Continuum_Input ...
Finished LCTR_Metadata_01_005 (0:00:06 elapsed time, 0:00:06 cpu time, factor 0.95)
Building LCTR_Core_Engineering_Effects ...
Finished LCTR_Core_Continuum_Input (0:00:05 elapsed time, 0:00:07 cpu time, factor 1.23)
Running LCTR_Metadata_01_092 ...
Finished LCTR_Core_Engineering_Effects (0:00:04 elapsed time, 0:00:04 cpu time, factor 1.13)
Running LCTR_Metadata_01_166 ...
Finished LCTR_Metadata_01_092 (0:00:05 elapsed time, 0:00:05 cpu time, factor 0.96)
Running LCTR_Metadata_01_151 ...
Finished LCTR_Metadata_01_166 (0:00:06 elapsed time, 0:00:05 cpu time, factor 0.97)
Running LCTR_Metadata_01_046 ...
Finished LCTR_Metadata_01_151 (0:00:05 elapsed time, 0:00:05 cpu time, factor 0.96)
Running LCTR_Metadata_01_038 ...
Finished LCTR_Metadata_01_046 (0:00:05 elapsed time, 0:00:05 cpu time, factor 0.97)
Building LCTR_Core_Representation_Failure ...
Finished LCTR_Metadata_01_038 (0:00:05 elapsed time, 0:00:05 cpu time, factor 0.96)
Building LCTR_Core_Native_Law_Transport ...
Finished LCTR_Core_Representation_Failure (0:00:02 elapsed time)
Building LCTR_Core_Scale_Transport ...
Finished LCTR_Core_Scale_Transport (0:00:02 elapsed time)
Running LCTR_Metadata_01_136 ...
Finished LCTR_Core_Native_Law_Transport (0:00:04 elapsed time, 0:00:05 cpu time, factor 1.19)
Running LCTR_Metadata_01_140 ...
Finished LCTR_Metadata_01_136 (0:00:04 elapsed time, 0:00:04 cpu time, factor 0.95)
Running LCTR_Metadata_01_027 ...
Finished LCTR_Metadata_01_140 (0:00:04 elapsed time, 0:00:04 cpu time, factor 0.94)
Running LCTR_Metadata_01_054 ...
Finished LCTR_Metadata_01_027 (0:00:05 elapsed time, 0:00:04 cpu time, factor 0.93)
Running LCTR_Metadata_01_137 ...
Finished LCTR_Metadata_01_054 (0:00:04 elapsed time, 0:00:04 cpu time, factor 0.94)
Running LCTR_Metadata_01_009 ...
Finished LCTR_Metadata_01_137 (0:00:04 elapsed time, 0:00:04 cpu time, factor 0.95)
Finished LCTR_Metadata_01_009 (0:00:04 elapsed time, 0:00:04 cpu time, factor 0.94)
Running LCTR_Metadata_01_028 ...
Running LCTR_Metadata_01_022 ...
Finished LCTR_Metadata_01_028 (0:00:04 elapsed time, 0:00:04 cpu time, factor 0.95)
Finished LCTR_Metadata_01_022 (0:00:04 elapsed time, 0:00:04 cpu time, factor 0.95)
Running LCTR_Metadata_01_108 ...
Building LCTR_Factorization_Alignment ...
Finished LCTR_Factorization_Alignment (0:00:04 elapsed time, 0:00:04 cpu time, factor 1.13)
Running LCTR_Metadata_01_110 ...
Finished LCTR_Metadata_01_108 (0:00:05 elapsed time, 0:00:04 cpu time, factor 0.93)
Building LCTR_Core_Finite_Mixed_Reduction ...
Finished LCTR_Core_Finite_Mixed_Reduction (0:00:02 elapsed time)
Building LCTR_Core_Indexed_Deletion ...
Finished LCTR_Metadata_01_110 (0:00:04 elapsed time, 0:00:04 cpu time, factor 0.95)
Running LCTR_Metadata_01_012 ...
Finished LCTR_Core_Indexed_Deletion (0:00:02 elapsed time)
Building LCTR_Core_Comparison_Definition_Interfaces ...
Finished LCTR_Core_Comparison_Definition_Interfaces (0:00:02 elapsed time)
Building LCTR_Core_Law_State ...
Finished LCTR_Metadata_01_012 (0:00:04 elapsed time, 0:00:03 cpu time, factor 0.95)
Building LCTR_Core_Native_Law_Generation ...
Finished LCTR_Core_Law_State (0:00:03 elapsed time, 0:00:04 cpu time, factor 1.12)
Building LCTR_Core_Relative_State_Profile ...
Finished LCTR_Core_Native_Law_Generation (0:00:03 elapsed time, 0:00:04 cpu time, factor 1.18)
Running LCTR_Metadata_01_011 ...
Finished LCTR_Core_Relative_State_Profile (0:00:02 elapsed time)
Running LCTR_Metadata_01_047 ...
Finished LCTR_Metadata_01_011 (0:00:04 elapsed time, 0:00:03 cpu time, factor 0.92)
Running LCTR_Metadata_01_015 ...
Finished LCTR_Metadata_01_047 (0:00:04 elapsed time, 0:00:03 cpu time, factor 0.91)
Building LCTR_Core_Series_Validity ...
Finished LCTR_Metadata_01_015 (0:00:04 elapsed time, 0:00:03 cpu time, factor 0.93)
Building LCTR_Core_Continuum_Encoding_Alignment ...
Finished LCTR_Core_Series_Validity (0:00:02 elapsed time)
Running LCTR_Metadata_01_143 ...
Finished LCTR_Core_Continuum_Encoding_Alignment (0:00:02 elapsed time)
Building LCTR_Core_Continuum_Boundary_Alignment ...
Finished LCTR_Metadata_01_143 (0:00:03 elapsed time, 0:00:03 cpu time, factor 0.92)
Running LCTR_Metadata_01_058 ...
Finished LCTR_Core_Continuum_Boundary_Alignment (0:00:02 elapsed time)
Running LCTR_Metadata_01_066 ...
Finished LCTR_Metadata_01_058 (0:00:03 elapsed time, 0:00:03 cpu time, factor 0.92)
Running LCTR_Metadata_01_023 ...
Finished LCTR_Metadata_01_066 (0:00:03 elapsed time, 0:00:03 cpu time, factor 0.92)
Running LCTR_Metadata_01_133 ...
Finished LCTR_Metadata_01_023 (0:00:03 elapsed time, 0:00:03 cpu time, factor 0.93)
Running LCTR_Metadata_01_065 ...
Finished LCTR_Metadata_01_133 (0:00:03 elapsed time, 0:00:03 cpu time, factor 0.94)
Running LCTR_Metadata_01_055 ...
Finished LCTR_Metadata_01_065 (0:00:03 elapsed time, 0:00:03 cpu time, factor 0.91)
Running LCTR_Metadata_01_021 ...
Finished LCTR_Metadata_01_055 (0:00:03 elapsed time, 0:00:03 cpu time, factor 0.91)
Building LCTR_Core_Selected_Generated_Law ...
Finished LCTR_Core_Selected_Generated_Law (0:00:02 elapsed time)
Finished LCTR_Metadata_01_021 (0:00:03 elapsed time, 0:00:03 cpu time, factor 0.92)
Building LCTR_Core_Continuum_Source_Bridge ...
Running LCTR_Metadata_01_067 ...
Finished LCTR_Core_Continuum_Source_Bridge (0:00:02 elapsed time)
Running LCTR_Metadata_01_149 ...
Finished LCTR_Metadata_01_067 (0:00:04 elapsed time, 0:00:03 cpu time, factor 0.92)
Running LCTR_Metadata_01_029 ...
Finished LCTR_Metadata_01_149 (0:00:03 elapsed time, 0:00:03 cpu time, factor 0.92)
Building LCTR_Core_Engineering_Evidence ...
Finished LCTR_Metadata_01_029 (0:00:03 elapsed time, 0:00:03 cpu time, factor 0.91)
Building LCTR_Core_Audit_State_Transport ...
Finished LCTR_Core_Engineering_Evidence (0:00:02 elapsed time, 0:00:03 cpu time)
Running LCTR_Metadata_01_127 ...
Finished LCTR_Core_Audit_State_Transport (0:00:02 elapsed time, 0:00:03 cpu time)
Running LCTR_Metadata_01_079 ...
Finished LCTR_Metadata_01_127 (0:00:03 elapsed time, 0:00:03 cpu time, factor 0.91)
Running LCTR_Metadata_01_040 ...
Finished LCTR_Metadata_01_079 (0:00:03 elapsed time)
Running LCTR_Metadata_01_102 ...
Finished LCTR_Metadata_01_040 (0:00:03 elapsed time)
Building LCTR_Core_Joint_Real_Image ...
Finished LCTR_Metadata_01_102 (0:00:03 elapsed time)
Building LCTR_Core_External_Time_Uses ...
Finished LCTR_Core_Joint_Real_Image (0:00:02 elapsed time)
Running LCTR_Metadata_01_025 ...
Finished LCTR_Core_External_Time_Uses (0:00:02 elapsed time)
Building LCTR_Order_Embedding_Alignment ...
Finished LCTR_Metadata_01_025 (0:00:03 elapsed time, 0:00:03 cpu time, factor 0.91)
Running LCTR_Metadata_01_070 ...
Finished LCTR_Order_Embedding_Alignment (0:00:02 elapsed time)
Running LCTR_Metadata_01_019 ...
Finished LCTR_Metadata_01_070 (0:00:03 elapsed time)
Building LCTR_Core_Frequency_Windows ...
Finished LCTR_Metadata_01_019 (0:00:03 elapsed time)
Running LCTR_Metadata_01_039 ...
Finished LCTR_Core_Frequency_Windows (0:00:02 elapsed time)
Building LCTR_Core_Comparison_Failure_Witnesses ...
Finished LCTR_Metadata_01_039 (0:00:03 elapsed time, 0:00:03 cpu time, factor 0.88)
Running LCTR_Metadata_01_101 ...
Finished LCTR_Core_Comparison_Failure_Witnesses (0:00:04 elapsed time, 0:00:05 cpu time, factor 1.33)
Building LCTR_Core_Source_Recovery ...
Finished LCTR_Metadata_01_101 (0:00:03 elapsed time, 0:00:03 cpu time, factor 0.93)
Building LCTR_Core_Partial_Sequences ...
Finished LCTR_Core_Source_Recovery (0:00:02 elapsed time)
Running LCTR_Metadata_01_159 ...
Finished LCTR_Core_Partial_Sequences (0:00:03 elapsed time, 0:00:04 cpu time, factor 1.16)
Running LCTR_Metadata_01_098 ...
Finished LCTR_Metadata_01_159 (0:00:03 elapsed time)
Running LCTR_Metadata_01_071 ...
Finished LCTR_Metadata_01_098 (0:00:03 elapsed time)
Running LCTR_Metadata_01_094 ...
Finished LCTR_Metadata_01_071 (0:00:03 elapsed time)
Running LCTR_Metadata_01_171 ...
Finished LCTR_Metadata_01_094 (0:00:02 elapsed time)
Running LCTR_Metadata_01_111 ...
Finished LCTR_Metadata_01_171 (0:00:03 elapsed time)
Running LCTR_Metadata_01_142 ...
Finished LCTR_Metadata_01_111 (0:00:03 elapsed time)
Running LCTR_Metadata_01_103 ...
Finished LCTR_Metadata_01_142 (0:00:03 elapsed time)
Building LCTR_Core_Record_Burden ...
Finished LCTR_Metadata_01_103 (0:00:02 elapsed time)
Building LCTR_Core_Joint_Input_Data ...
Finished LCTR_Core_Record_Burden (0:00:03 elapsed time, 0:00:03 cpu time, factor 1.13)
Running LCTR_Metadata_01_107 ...
Finished LCTR_Core_Joint_Input_Data (0:00:04 elapsed time, 0:00:05 cpu time, factor 1.38)
Running LCTR_Metadata_01_020 ...
Finished LCTR_Metadata_01_107 (0:00:02 elapsed time)
Running LCTR_Metadata_01_074 ...
Finished LCTR_Metadata_01_020 (0:00:02 elapsed time)
Building LCTR_Core_Refinement_Paths ...
Finished LCTR_Metadata_01_074 (0:00:03 elapsed time)
Finished LCTR_Core_Refinement_Paths (0:00:02 elapsed time)
Building LCTR_Core_Affine_Frequency ...
Building LCTR_Core_Evaluation_Alignment ...
Finished LCTR_Core_Evaluation_Alignment (0:00:02 elapsed time)
Building LCTR_Core_Native_State_Bridge ...
Finished LCTR_Core_Affine_Frequency (0:00:02 elapsed time)
Running LCTR_Metadata_01_053 ...
Finished LCTR_Core_Native_State_Bridge (0:00:02 elapsed time)
Running LCTR_Metadata_01_084 ...
Finished LCTR_Metadata_01_053 (0:00:02 elapsed time)
Running LCTR_Metadata_01_080 ...
Finished LCTR_Metadata_01_084 (0:00:02 elapsed time)
Building LCTR_Core_Comparison_Interfaces ...
Finished LCTR_Metadata_01_080 (0:00:02 elapsed time)
Running LCTR_Metadata_01_006 ...
Finished LCTR_Core_Comparison_Interfaces (0:00:02 elapsed time)
Running LCTR_Metadata_01_048 ...
Finished LCTR_Metadata_01_006 (0:00:02 elapsed time)
Running LCTR_Metadata_01_129 ...
Finished LCTR_Metadata_01_048 (0:00:02 elapsed time)
Running LCTR_Metadata_01_145 ...
Finished LCTR_Metadata_01_129 (0:00:02 elapsed time)
Running LCTR_Metadata_01_049 ...
Finished LCTR_Metadata_01_145 (0:00:02 elapsed time)
Building LCTR_Core_Finite_Class_Witness ...
Finished LCTR_Metadata_01_049 (0:00:02 elapsed time)
Building LCTR_Core_Law_Datum_Transport ...
Finished LCTR_Core_Finite_Class_Witness (0:00:02 elapsed time)
Running LCTR_Metadata_01_105 ...
Finished LCTR_Core_Law_Datum_Transport (0:00:03 elapsed time, 0:00:03 cpu time, factor 1.17)
Running LCTR_Metadata_01_059 ...
Finished LCTR_Metadata_01_105 (0:00:02 elapsed time)
Running LCTR_Metadata_01_130 ...
Finished LCTR_Metadata_01_059 (0:00:02 elapsed time)
Running LCTR_Metadata_01_099 ...
Finished LCTR_Metadata_01_130 (0:00:02 elapsed time)
Running LCTR_Metadata_01_063 ...
Finished LCTR_Metadata_01_063 (0:00:02 elapsed time)
Finished LCTR_Metadata_01_099 (0:00:02 elapsed time)
Building LCTR_Core_Local_Loop_Bridge ...
Running LCTR_Metadata_01_014 ...
Finished LCTR_Metadata_01_014 (0:00:02 elapsed time)
Running LCTR_Metadata_01_056 ...
Finished LCTR_Core_Local_Loop_Bridge (0:00:02 elapsed time, 0:00:03 cpu time)
Building LCTR_Core_Stage_Boundaries ...
Finished LCTR_Metadata_01_056 (0:00:02 elapsed time)
Running LCTR_Metadata_01_002 ...
Finished LCTR_Core_Stage_Boundaries (0:00:02 elapsed time, 0:00:03 cpu time)
Running LCTR_Metadata_01_104 ...
Finished LCTR_Metadata_01_002 (0:00:02 elapsed time)
Building LCTR_Core_Structural_Burden ...
Finished LCTR_Metadata_01_104 (0:00:02 elapsed time)
Building LCTR_Core_Native_Charts ...
Finished LCTR_Core_Structural_Burden (0:00:02 elapsed time, 0:00:03 cpu time)
Building LCTR_Core_Pure_Word_Displays ...
Finished LCTR_Core_Native_Charts (0:00:02 elapsed time)
Building LCTR_Core_Transported_Law_Charts ...
Finished LCTR_Core_Pure_Word_Displays (0:00:02 elapsed time)
Building LCTR_Chapter02_Role_Alignment ...
Finished LCTR_Core_Transported_Law_Charts (0:00:02 elapsed time, 0:00:03 cpu time)
Running LCTR_Metadata_01_051 ...
Finished LCTR_Chapter02_Role_Alignment (0:00:02 elapsed time)
Building LCTR_Core_Raw_Comparison_Entry ...
Finished LCTR_Metadata_01_051 (0:00:02 elapsed time)
Building LCTR_Core_Raw_Localization_Interfaces ...
Finished LCTR_Core_Raw_Comparison_Entry (0:00:02 elapsed time)
Running LCTR_Metadata_01_157 ...
Finished LCTR_Core_Raw_Localization_Interfaces (0:00:02 elapsed time)
Building LCTR_Core_Reception_Input ...
Finished LCTR_Metadata_01_157 (0:00:02 elapsed time)
Building LCTR_Core_Configuration_Dynamics ...
Finished LCTR_Core_Reception_Input (0:00:02 elapsed time)
Running LCTR_Metadata_01_016 ...
Finished LCTR_Metadata_01_016 (0:00:02 elapsed time)
Running LCTR_Metadata_01_017 ...
Finished LCTR_Core_Configuration_Dynamics (0:00:04 elapsed time, 0:00:05 cpu time, factor 1.34)
Running LCTR_Metadata_01_119 ...
Finished LCTR_Metadata_01_017 (0:00:02 elapsed time)
Running LCTR_Metadata_01_144 ...
Finished LCTR_Metadata_01_119 (0:00:02 elapsed time)
Building LCTR_Core_Quotient_Interface ...
Finished LCTR_Metadata_01_144 (0:00:01 elapsed time)
Running LCTR_Metadata_01_050 ...
Finished LCTR_Core_Quotient_Interface (0:00:02 elapsed time)
Running LCTR_Metadata_01_052 ...
Finished LCTR_Metadata_01_050 (0:00:02 elapsed time)
Running LCTR_Metadata_01_090 ...
Finished LCTR_Metadata_01_052 (0:00:01 elapsed time)
Running LCTR_Metadata_01_089 ...
Finished LCTR_Metadata_01_090 (0:00:01 elapsed time)
Running LCTR_Metadata_01_093 ...
Finished LCTR_Metadata_01_089 (0:00:01 elapsed time)
Running LCTR_Metadata_01_035 ...
Finished LCTR_Metadata_01_093 (0:00:01 elapsed time)
Running LCTR_Metadata_01_139 ...
Finished LCTR_Metadata_01_035 (0:00:01 elapsed time)
Building LCTR_Core_Comparison_Alignment ...
Finished LCTR_Metadata_01_139 (0:00:01 elapsed time)
Running LCTR_Metadata_01_083 ...
Finished LCTR_Core_Comparison_Alignment (0:00:02 elapsed time)
Running LCTR_Metadata_01_116 ...
Finished LCTR_Metadata_01_083 (0:00:01 elapsed time)
Running LCTR_Metadata_01_081 ...
Finished LCTR_Metadata_01_116 (0:00:01 elapsed time)
Running LCTR_Metadata_01_013 ...
Finished LCTR_Metadata_01_081 (0:00:01 elapsed time)
Running LCTR_Metadata_01_037 ...
Finished LCTR_Metadata_01_013 (0:00:01 elapsed time)
Building LCTR_Core_Pair_Transport_Factorization ...
Finished LCTR_Metadata_01_037 (0:00:01 elapsed time)
Running LCTR_Metadata_01_036 ...
Finished LCTR_Metadata_01_036 (0:00:02 elapsed time)
Building LCTR_Core_Finite_Tuple_Data ...
Finished LCTR_Core_Pair_Transport_Factorization (0:00:03 elapsed time, 0:00:05 cpu time, factor 1.31)
Building LCTR_Dynamics_Refinement_Complete_Alignment ...
Finished LCTR_Core_Finite_Tuple_Data (0:00:02 elapsed time)
Running LCTR_Metadata_01_008 ...
Finished LCTR_Dynamics_Refinement_Complete_Alignment (0:00:02 elapsed time)
Building LCTR_Law_Datum_Final_Alignment ...
Finished LCTR_Metadata_01_008 (0:00:01 elapsed time)
Building LCTR_Core_Local_Loop_Specification ...
Finished LCTR_Law_Datum_Final_Alignment (0:00:02 elapsed time)
Building LCTR_Region_Law_Alignment ...
Finished LCTR_Core_Local_Loop_Specification (0:00:02 elapsed time)
Running LCTR_Metadata_01_010 ...
Finished LCTR_Region_Law_Alignment (0:00:02 elapsed time)
Running LCTR_Metadata_01_118 ...
Finished LCTR_Metadata_01_010 (0:00:01 elapsed time)
Running LCTR_Metadata_01_123 ...
Finished LCTR_Metadata_01_118 (0:00:01 elapsed time)
Running LCTR_Metadata_01_125 ...
Finished LCTR_Metadata_01_123 (0:00:01 elapsed time)
Running LCTR_Metadata_01_120 ...
Finished LCTR_Metadata_01_125 (0:00:01 elapsed time)
Running LCTR_Metadata_01_085 ...
Finished LCTR_Metadata_01_120 (0:00:01 elapsed time)
Running LCTR_Metadata_01_163 ...
Finished LCTR_Metadata_01_085 (0:00:01 elapsed time)
Running LCTR_Metadata_01_061 ...
Finished LCTR_Metadata_01_163 (0:00:01 elapsed time)
Running LCTR_Metadata_01_078 ...
Finished LCTR_Metadata_01_061 (0:00:01 elapsed time)
Building LCTR_Core_Cycle_Count_Input ...
Finished LCTR_Metadata_01_078 (0:00:01 elapsed time)
Running LCTR_Metadata_01_001 ...
Finished LCTR_Core_Cycle_Count_Input (0:00:02 elapsed time)
Running LCTR_Metadata_01_077 ...
Finished LCTR_Metadata_01_001 (0:00:01 elapsed time)
Building LCTR_Core_Generated_Law_Identity ...
Finished LCTR_Metadata_01_077 (0:00:01 elapsed time)
Running LCTR_Metadata_01_043 ...
Finished LCTR_Core_Generated_Law_Identity (0:00:02 elapsed time)
Running LCTR_Metadata_01_112 ...
Finished LCTR_Metadata_01_043 (0:00:01 elapsed time)
Building LCTR_Core_Representation_Predicate_Bridge ...
Finished LCTR_Metadata_01_112 (0:00:01 elapsed time)
Running LCTR_Metadata_01_100 ...
Finished LCTR_Core_Representation_Predicate_Bridge (0:00:02 elapsed time)
Building LCTR_Core_Trajectory_Descent_Alignment ...
Finished LCTR_Metadata_01_100 (0:00:01 elapsed time)
Running LCTR_Metadata_01_148 ...
Finished LCTR_Core_Trajectory_Descent_Alignment (0:00:02 elapsed time)
Building LCTR_Core_Remaining_Sets ...
Finished LCTR_Metadata_01_148 (0:00:01 elapsed time)
Running LCTR_Metadata_01_172 ...
Finished LCTR_Metadata_01_172 (0:00:01 elapsed time)
Finished LCTR_Core_Remaining_Sets (0:00:02 elapsed time)
Running LCTR_Metadata_01_069 ...
Running LCTR_Metadata_01_158 ...
Finished LCTR_Metadata_01_069 (0:00:01 elapsed time)
Finished LCTR_Metadata_01_158 (0:00:01 elapsed time)
Building LCTR_Core_Relative_Initial ...
Running LCTR_Metadata_01_091 ...
Finished LCTR_Metadata_01_091 (0:00:01 elapsed time)
Running LCTR_Metadata_01_126 ...
Finished LCTR_Core_Relative_Initial (0:00:02 elapsed time)
Running LCTR_Metadata_01_146 ...
Finished LCTR_Metadata_01_126 (0:00:01 elapsed time)
Running LCTR_Metadata_01_064 ...
Finished LCTR_Metadata_01_146 (0:00:01 elapsed time)
Running LCTR_Metadata_01_097 ...
Finished LCTR_Metadata_01_064 (0:00:01 elapsed time)
Running LCTR_Metadata_01_153 ...
Finished LCTR_Metadata_01_097 (0:00:01 elapsed time)
Running LCTR_Metadata_01_075 ...
Finished LCTR_Metadata_01_153 (0:00:01 elapsed time)
Running LCTR_Metadata_01_124 ...
Finished LCTR_Metadata_01_075 (0:00:01 elapsed time)
Running LCTR_Metadata_01_033 ...
Finished LCTR_Metadata_01_124 (0:00:01 elapsed time)
Running LCTR_Metadata_01_138 ...
Finished LCTR_Metadata_01_033 (0:00:01 elapsed time)
Running LCTR_Metadata_01_042 ...
Finished LCTR_Metadata_01_138 (0:00:01 elapsed time)
Running LCTR_Metadata_01_109 ...
Finished LCTR_Metadata_01_042 (0:00:01 elapsed time)
Running LCTR_Metadata_01_152 ...
Finished LCTR_Metadata_01_109 (0:00:01 elapsed time)
Running LCTR_Metadata_01_132 ...
Finished LCTR_Metadata_01_152 (0:00:01 elapsed time)
Building LCTR_Core_Law_Readiness ...
Finished LCTR_Metadata_01_132 (0:00:01 elapsed time)
Running LCTR_Metadata_01_134 ...
Finished LCTR_Core_Law_Readiness (0:00:02 elapsed time)
Finished LCTR_Metadata_01_134 (0:00:01 elapsed time)
Running LCTR_Metadata_01_032 ...
Building LCTR_Core_Finite_Report_Components ...
Finished LCTR_Metadata_01_032 (0:00:01 elapsed time)
Running LCTR_Metadata_01_004 ...
Finished LCTR_Core_Finite_Report_Components (0:00:02 elapsed time)
Running LCTR_Metadata_01_060 ...
Finished LCTR_Metadata_01_004 (0:00:01 elapsed time)
Finished LCTR_Metadata_01_060 (0:00:01 elapsed time)
Running LCTR_Metadata_01_082 ...
Building LCTR_Core_Local_Jet_Membership_Bridge ...
Finished LCTR_Metadata_01_082 (0:00:01 elapsed time)
Building LCTR_Core_Joint_Descent_Alignment ...
Finished LCTR_Core_Joint_Descent_Alignment (0:00:02 elapsed time)
Building LCTR_Core_Dynamics_Recovery_Data ...
Finished LCTR_Core_Local_Jet_Membership_Bridge (0:00:05 elapsed time, 0:00:05 cpu time, factor 1.17)
Building LCTR_Core_Local_Charts ...
Finished LCTR_Core_Dynamics_Recovery_Data (0:00:02 elapsed time)
Building LCTR_Core_Raw_Canonical_Observables ...
Finished LCTR_Core_Local_Charts (0:00:02 elapsed time)
Building LCTR_Core_Record_Codes_Aligned ...
Finished LCTR_Core_Raw_Canonical_Observables (0:00:02 elapsed time)
Running LCTR_Metadata_01_154 ...
Finished LCTR_Core_Record_Codes_Aligned (0:00:02 elapsed time)
Building LCTR_Tagged_Lifts_Alignment ...
Finished LCTR_Metadata_01_154 (0:00:01 elapsed time)
Building LCTR_Core_Burden_Comparison ...
Finished LCTR_Tagged_Lifts_Alignment (0:00:02 elapsed time)
Building LCTR_Core_Joint_Time_Seed ...
Finished LCTR_Core_Burden_Comparison (0:00:02 elapsed time)
Running LCTR_Metadata_01_088 ...
Finished LCTR_Core_Joint_Time_Seed (0:00:02 elapsed time)
Building LCTR_Core_Relative_Class_Witness ...
Finished LCTR_Metadata_01_088 (0:00:01 elapsed time)
Building LCTR_Core_Least_Scale_Lift ...
Finished LCTR_Core_Relative_Class_Witness (0:00:02 elapsed time)
Building LCTR_Core_Validity_Maximum ...
Finished LCTR_Core_Least_Scale_Lift (0:00:02 elapsed time)
Building LCTR_Core_Partial_Map_Bridge ...
Finished LCTR_Core_Validity_Maximum (0:00:02 elapsed time)
Building LCTR_Core_Representation_Alignment ...
Finished LCTR_Core_Partial_Map_Bridge (0:00:02 elapsed time)
Building LCTR_Core_Strict_Partial_Order ...
Finished LCTR_Core_Representation_Alignment (0:00:02 elapsed time)
Building LCTR_Core_Rank_Reachability ...
Finished LCTR_Core_Strict_Partial_Order (0:00:02 elapsed time)
Building LCTR_Core_Scope_Input_Interfaces ...
Finished LCTR_Core_Rank_Reachability (0:00:02 elapsed time)
Building LCTR_Nested_Quotient_Order_Alignment ...
Finished LCTR_Core_Scope_Input_Interfaces (0:00:02 elapsed time)
Building LCTR_Core_Affine_Order_Bridge ...
Finished LCTR_Nested_Quotient_Order_Alignment (0:00:02 elapsed time)
Running LCTR_Metadata_01_131 ...
Finished LCTR_Core_Affine_Order_Bridge (0:00:02 elapsed time)
Running LCTR_Metadata_01_068 ...
Finished LCTR_Metadata_01_131 (0:00:00 elapsed time)
Running LCTR_Metadata_01_007 ...
Finished LCTR_Metadata_01_068 (0:00:00 elapsed time)
Running LCTR_Metadata_01_113 ...
Finished LCTR_Metadata_01_007 (0:00:00 elapsed time)
Running LCTR_Metadata_01_018 ...
Finished LCTR_Metadata_01_113 (0:00:00 elapsed time)
Running LCTR_Metadata_01_076 ...
Finished LCTR_Metadata_01_018 (0:00:00 elapsed time)
Running LCTR_Metadata_01_044 ...
Finished LCTR_Metadata_01_076 (0:00:00 elapsed time)
Running LCTR_Metadata_01_087 ...
Finished LCTR_Metadata_01_044 (0:00:00 elapsed time)
Running LCTR_Metadata_01_155 ...
Finished LCTR_Metadata_01_087 (0:00:00 elapsed time)
Running LCTR_Metadata_01_122 ...
Finished LCTR_Metadata_01_155 (0:00:00 elapsed time)
Running LCTR_Metadata_01_072 ...
Finished LCTR_Metadata_01_122 (0:00:00 elapsed time)
Running LCTR_Metadata_01_156 ...
Finished LCTR_Metadata_01_072 (0:00:00 elapsed time)
Running LCTR_Metadata_01_121 ...
Finished LCTR_Metadata_01_156 (0:00:00 elapsed time)
Running LCTR_Metadata_01_117 ...
Finished LCTR_Metadata_01_121 (0:00:00 elapsed time)
Running LCTR_Metadata_01_128 ...
Finished LCTR_Metadata_01_117 (0:00:00 elapsed time)
Running LCTR_Metadata_01_170 ...
Finished LCTR_Metadata_01_128 (0:00:00 elapsed time)
Running LCTR_Metadata_01_147 ...
Finished LCTR_Metadata_01_170 (0:00:00 elapsed time)
Running LCTR_Metadata_01_135 ...
Finished LCTR_Metadata_01_147 (0:00:00 elapsed time)
Running LCTR_Metadata_01_173 ...
Finished LCTR_Metadata_01_135 (0:00:00 elapsed time)
Running LCTR_Metadata_01_114 ...
Finished LCTR_Metadata_01_173 (0:00:00 elapsed time)
Running LCTR_Metadata_01_086 ...
Finished LCTR_Metadata_01_114 (0:00:00 elapsed time)
Running LCTR_Metadata_01_115 ...
Finished LCTR_Metadata_01_086 (0:00:00 elapsed time)
Running LCTR_Metadata_01_073 ...
Finished LCTR_Metadata_01_115 (0:00:00 elapsed time)
Running LCTR_Metadata_01_141 ...
Finished LCTR_Metadata_01_073 (0:00:00 elapsed time)
Running LCTR_Metadata_01_003 ...
Finished LCTR_Metadata_01_141 (0:00:00 elapsed time)
Finished LCTR_Metadata_01_003 (0:00:00 elapsed time)
0:09:49 elapsed time, 0:18:59 cpu time, factor 1.93
