Building LCTR_Core_Typed_Words_Alignment ...
Building LCTR_Core_Source_Match_Alignment ...
Finished LCTR_Core_Typed_Words_Alignment (0:00:03 elapsed time, 0:00:03 cpu time, factor 1.12)
Building LCTR_Core_Audit_Tags ...
Finished LCTR_Core_Source_Match_Alignment (0:00:03 elapsed time, 0:00:03 cpu time, factor 1.11)
Running LCTR_Metadata_02_006 ...
Finished LCTR_Metadata_02_006 (0:00:01 elapsed time)
Running LCTR_Metadata_02_005 ...
Finished LCTR_Core_Audit_Tags (0:00:03 elapsed time, 0:00:03 cpu time, factor 1.15)
Building LCTR_Core_Dag_Alignment ...
Finished LCTR_Metadata_02_005 (0:00:01 elapsed time)
Building LCTR_Core_Record_Codes ...
Finished LCTR_Core_Dag_Alignment (0:00:02 elapsed time)
Running LCTR_Metadata_02_002 ...
Finished LCTR_Core_Record_Codes (0:00:02 elapsed time)
Building LCTR_Core_Preorder_Alignment ...
Finished LCTR_Metadata_02_002 (0:00:01 elapsed time)
Running LCTR_Metadata_02_001 ...
Finished LCTR_Metadata_02_001 (0:00:00 elapsed time)
Running LCTR_Metadata_02_004 ...
Finished LCTR_Metadata_02_004 (0:00:00 elapsed time)
Finished LCTR_Core_Preorder_Alignment (0:00:02 elapsed time)
Running LCTR_Metadata_02_003 ...
Finished LCTR_Metadata_02_003 (0:00:00 elapsed time)
0:00:16 elapsed time, 0:00:23 cpu time, factor 1.43
